Archive member included to satisfy reference by file (symbol)

app/libapp.a(main.c.obj)      (--whole-archive)
zephyr/libzephyr.a(cbprintf_packaged.c.obj)
                              (--whole-archive)
zephyr/libzephyr.a(crc32c_sw.c.obj)
                              (--whole-archive)
zephyr/libzephyr.a(crc32_sw.c.obj)
                              (--whole-archive)
zephyr/libzephyr.a(crc16_sw.c.obj)
                              (--whole-archive)
zephyr/libzephyr.a(crc8_sw.c.obj)
                              (--whole-archive)
zephyr/libzephyr.a(crc7_sw.c.obj)
                              (--whole-archive)
zephyr/libzephyr.a(dec.c.obj)
                              (--whole-archive)
zephyr/libzephyr.a(fdtable.c.obj)
                              (--whole-archive)
zephyr/libzephyr.a(hex.c.obj)
                              (--whole-archive)
zephyr/libzephyr.a(printk.c.obj)
                              (--whole-archive)
zephyr/libzephyr.a(rb.c.obj)  (--whole-archive)
zephyr/libzephyr.a(sem.c.obj)
                              (--whole-archive)
zephyr/libzephyr.a(thread_entry.c.obj)
                              (--whole-archive)
zephyr/libzephyr.a(timeutil.c.obj)
                              (--whole-archive)
zephyr/libzephyr.a(heap.c.obj)
                              (--whole-archive)
zephyr/libzephyr.a(heap-validate.c.obj)
                              (--whole-archive)
zephyr/libzephyr.a(bitarray.c.obj)
                              (--whole-archive)
zephyr/libzephyr.a(multi_heap.c.obj)
                              (--whole-archive)
zephyr/libzephyr.a(cbprintf_complete.c.obj)
                              (--whole-archive)
zephyr/libzephyr.a(cbprintf.c.obj)
                              (--whole-archive)
zephyr/libzephyr.a(ring_buffer.c.obj)
                              (--whole-archive)
zephyr/libzephyr.a(assert.c.obj)
                              (--whole-archive)
zephyr/libzephyr.a(configs.c.obj)
                              (--whole-archive)
zephyr/libzephyr.a(soc.c.obj)
                              (--whole-archive)
zephyr/libzephyr.a(stm32cube_hal.c.obj)
                              (--whole-archive)
zephyr/libzephyr.a(soc_config.c.obj)
                              (--whole-archive)
zephyr/libzephyr.a(usb_device.c.obj)
                              (--whole-archive)
zephyr/libzephyr.a(usb_descriptor.c.obj)
                              (--whole-archive)
zephyr/libzephyr.a(usb_transfer.c.obj)
                              (--whole-archive)
zephyr/libzephyr.a(cdc_acm.c.obj)
                              (--whole-archive)
zephyr/libzephyr.a(usb_work_q.c.obj)
                              (--whole-archive)
zephyr/libzephyr.a(tracing_none.c.obj)
                              (--whole-archive)
zephyr/arch/common/libarch__common.a(sw_isr_common.c.obj)
                              (--whole-archive)
zephyr/arch/arch/arm/core/aarch32/libarch__arm__core__aarch32.a(cpu_idle.S.obj)
                              (--whole-archive)
zephyr/arch/arch/arm/core/aarch32/libarch__arm__core__aarch32.a(fatal.c.obj)
                              (--whole-archive)
zephyr/arch/arch/arm/core/aarch32/libarch__arm__core__aarch32.a(irq_manage.c.obj)
                              (--whole-archive)
zephyr/arch/arch/arm/core/aarch32/libarch__arm__core__aarch32.a(nmi.c.obj)
                              (--whole-archive)
zephyr/arch/arch/arm/core/aarch32/libarch__arm__core__aarch32.a(nmi_on_reset.S.obj)
                              (--whole-archive)
zephyr/arch/arch/arm/core/aarch32/libarch__arm__core__aarch32.a(prep_c.c.obj)
                              (--whole-archive)
zephyr/arch/arch/arm/core/aarch32/libarch__arm__core__aarch32.a(swap.c.obj)
                              (--whole-archive)
zephyr/arch/arch/arm/core/aarch32/libarch__arm__core__aarch32.a(swap_helper.S.obj)
                              (--whole-archive)
zephyr/arch/arch/arm/core/aarch32/libarch__arm__core__aarch32.a(thread.c.obj)
                              (--whole-archive)
zephyr/arch/arch/arm/core/aarch32/libarch__arm__core__aarch32.a(isr_wrapper.S.obj)
                              (--whole-archive)
zephyr/arch/arch/arm/core/aarch32/cortex_m/libarch__arm__core__aarch32__cortex_m.a(exc_exit.S.obj)
                              (--whole-archive)
zephyr/arch/arch/arm/core/aarch32/cortex_m/libarch__arm__core__aarch32__cortex_m.a(fault.c.obj)
                              (--whole-archive)
zephyr/arch/arch/arm/core/aarch32/cortex_m/libarch__arm__core__aarch32__cortex_m.a(fault_s.S.obj)
                              (--whole-archive)
zephyr/arch/arch/arm/core/aarch32/cortex_m/libarch__arm__core__aarch32__cortex_m.a(fpu.c.obj)
                              (--whole-archive)
zephyr/arch/arch/arm/core/aarch32/cortex_m/libarch__arm__core__aarch32__cortex_m.a(irq_init.c.obj)
                              (--whole-archive)
zephyr/arch/arch/arm/core/aarch32/cortex_m/libarch__arm__core__aarch32__cortex_m.a(reset.S.obj)
[...]
Memory Configuration

Name             Origin             Length             Attributes
FLASH            0x0000000008000000 0x0000000000040000 xr
RAM              0x0000000020000000 0x0000000000010000 xw
IDT_LIST         0x00000000fffff7ff 0x0000000000000800 xw
*default*        0x0000000000000000 0xffffffffffffffff

Linker script and memory map

LOAD zephyr/CMakeFiles/zephyr_final.dir/misc/empty_file.c.obj
LOAD zephyr/CMakeFiles/zephyr_final.dir/dev_handles.c.obj
LOAD zephyr/CMakeFiles/zephyr_final.dir/isr_tables.c.obj
LOAD zephyr/CMakeFiles/offsets.dir/./arch/arm/core/offsets/offsets.c.obj
                0x0000000000000020                _region_min_align = 0x20

.rel.plt        0x0000000008000000        0x0
 *(SORT_BY_ALIGNMENT(.rel.plt))
                [!provide]                        PROVIDE (__rel_iplt_start = .)
 *(SORT_BY_ALIGNMENT(.rel.iplt))
 .rel.iplt      0x0000000008000000        0x0 zephyr/CMakeFiles/zephyr_final.dir/isr_tables.c.obj
                [!provide]                        PROVIDE (__rel_iplt_end = .)

.rela.plt       0x0000000000000000        0x0
 *(SORT_BY_ALIGNMENT(.rela.plt))
                [!provide]                        PROVIDE (__rela_iplt_start = .)
 *(SORT_BY_ALIGNMENT(.rela.iplt))
                [!provide]                        PROVIDE (__rela_iplt_end = .)

.rel.dyn
 *(SORT_BY_ALIGNMENT(.rel.*))

.rela.dyn
 *(SORT_BY_ALIGNMENT(.rela.*))

/DISCARD/
 *(SORT_BY_ALIGNMENT(.plt))

/DISCARD/
 *(SORT_BY_ALIGNMENT(.iplt))
                0x0000000008000000                __rom_region_start = 0x8000000

rom_start       0x0000000008000000      0x194
                0x0000000000000000                . = 0x0
                0x0000000000000000                . = ALIGN (0x4)
                0x0000000000000000                . = ALIGN (0x80)
                0x0000000000000000                . = ALIGN (0x200)
                0x0000000008000000                _vector_start = .
 *(SORT_BY_ALIGNMENT(.exc_vector_table))
 *(SORT_BY_ALIGNMENT(.exc_vector_table.*))
 .exc_vector_table._vector_table_section
                0x0000000008000000       0x40 zephyr/arch/arch/arm/core/aarch32/cortex_m/libarch__arm__core__aarch32__cortex_m.a(vector_table.S.obj)
                0x0000000008000000                _vector_table
 *(SORT_BY_ALIGNMENT(.vectors))
                0x0000000008000194                _vector_end = .
                0x0000000008000040                . = ALIGN (0x4)
 *(SORT_BY_ALIGNMENT(.gnu.linkonce.irq_vector_table*))
 .gnu.linkonce.irq_vector_table
                0x0000000008000040      0x154 zephyr/CMakeFiles/zephyr_final.dir/isr_tables.c.obj
                0x0000000008000040                _irq_vector_table
                0x0000000008000194                _vector_end = .

text            0x0000000008000194     0x70b0
                0x0000000008000194                __text_region_start = .
 *(SORT_BY_ALIGNMENT(.text))
 .text          0x0000000008000194       0x30 /mnt/d/code/zephyr-sdk-0.15.1/arm-zephyr-eabi/bin/../lib/gcc/arm-zephyr-eabi/12.1.0/thumb/v7e-m/nofp/libgcc.a(_aeabi_uldivmod.o)
                0x0000000008000194                __aeabi_uldivmod
 .text          0x00000000080001c4        0x4 /mnt/d/code/zephyr-sdk-0.15.1/arm-zephyr-eabi/bin/../lib/gcc/arm-zephyr-eabi/12.1.0/thumb/v7e-m/nofp/libgcc.a(_dvmd_tls.o)
                0x00000000080001c4                __aeabi_ldiv0
                0x00000000080001c4                __aeabi_idiv0
 .text          0x00000000080001c8      0x2a0 /mnt/d/code/zephyr-sdk-0.15.1/arm-zephyr-eabi/bin/../lib/gcc/arm-zephyr-eabi/12.1.0/thumb/v7e-m/nofp/libgcc.a(_udivmoddi4.o)
                0x00000000080001c8                __udivmoddi4
 *(SORT_BY_ALIGNMENT(.text.*))
 .text.main     0x0000000008000468       0x54 app/libapp.a(main.c.obj)
                0x0000000008000468                main
 .text.char_out
                0x00000000080004bc        0xc zephyr/libzephyr.a(printk.c.obj)
 .text.__printk_hook_install
                0x00000000080004c8        0xc zephyr/libzephyr.a(printk.c.obj)
                0x00000000080004c8                __printk_hook_install
 .text.vprintk  0x00000000080004d4       0x1c zephyr/libzephyr.a(printk.c.obj)
                0x00000000080004d4                vprintk
 .text.z_cbvprintf_impl
                0x00000000080004f0      0x764 zephyr/libzephyr.a(cbprintf_complete.c.obj)
                0x00000000080004f0                z_cbvprintf_impl
 .text.st_stm32f4_init
                0x0000000008000c54       0x40 zephyr/libzephyr.a(soc.c.obj)
 .text.class_handler
                0x0000000008000c94       0x40 zephyr/libzephyr.a(usb_device.c.obj)
 .text.custom_handler
                0x0000000008000cd4       0x60 zephyr/libzephyr.a(usb_device.c.obj)
 .text.vendor_handler
                0x0000000008000d34       0x3c zephyr/libzephyr.a(usb_device.c.obj)
 .text.set_endpoint
                0x0000000008000d70       0x54 zephyr/libzephyr.a(usb_device.c.obj)
 .text.usb_reset_alt_setting
                0x0000000008000dc4       0x10 zephyr/libzephyr.a(usb_device.c.obj)
 .text.is_ep_valid.part.0
                0x0000000008000dd4       0x38 zephyr/libzephyr.a(usb_device.c.obj)
 .text.usb_handle_request.constprop.0
                0x0000000008000e0c       0x2c zephyr/libzephyr.a(usb_device.c.obj)
 .text.forward_status_cb
                0x0000000008000e38       0xa0 zephyr/libzephyr.a(usb_device.c.obj)
 .text.usb_halt_endpoint_req.isra.0
                0x0000000008000ed8       0x50 zephyr/libzephyr.a(usb_device.c.obj)
 .text.usb_handle_standard_request
                0x0000000008000f28      0x2a0 zephyr/libzephyr.a(usb_device.c.obj)
 .text.usb_data_to_host
                0x00000000080011c8       0x54 zephyr/libzephyr.a(usb_device.c.obj)
 .text.usb_handle_control_transfer
                0x000000000800121c       0xdc zephyr/libzephyr.a(usb_device.c.obj)
 .text.usb_set_config
                0x00000000080012f8       0x2c zephyr/libzephyr.a(usb_device.c.obj)
                0x00000000080012f8                usb_set_config
 .text.usb_device_init
                0x0000000008001324       0x28 zephyr/libzephyr.a(usb_device.c.obj)
 .text.usb_enable
                0x000000000800134c       0xf4 zephyr/libzephyr.a(usb_device.c.obj)
                0x000000000800134c                usb_enable
 .text.usb_update_sn_string_descriptor
                0x0000000008001440       0x88 zephyr/libzephyr.a(usb_descriptor.c.obj)
                0x0000000008001440                usb_update_sn_string_descriptor
 .text.usb_get_device_descriptor
                0x00000000080014c8      0x1ac zephyr/libzephyr.a(usb_descriptor.c.obj)
                0x00000000080014c8                usb_get_device_descriptor
 .text.usb_ep_get_transfer
                0x0000000008001674       0x2c zephyr/libzephyr.a(usb_transfer.c.obj)
 .text.usb_transfer_work
                0x00000000080016a0      0x110 zephyr/libzephyr.a(usb_transfer.c.obj)
 .text.usb_transfer_ep_callback
                0x00000000080017b0       0x5c zephyr/libzephyr.a(usb_transfer.c.obj)
                0x00000000080017b0                usb_transfer_ep_callback
 .text.usb_transfer
                0x000000000800180c       0xe4 zephyr/libzephyr.a(usb_transfer.c.obj)
                0x000000000800180c                usb_transfer
 .text.usb_cancel_transfer
                0x00000000080018f0       0x3c zephyr/libzephyr.a(usb_transfer.c.obj)
                0x00000000080018f0                usb_cancel_transfer
 .text.usb_cancel_transfers
                0x000000000800192c       0x48 zephyr/libzephyr.a(usb_transfer.c.obj)
                0x000000000800192c                usb_cancel_transfers
 .text.usb_transfer_init
                0x0000000008001974       0x34 zephyr/libzephyr.a(usb_transfer.c.obj)
                0x0000000008001974                usb_transfer_init
 .text.cdc_acm_class_handle_req
                0x00000000080019a8       0x58 zephyr/libzephyr.a(cdc_acm.c.obj)
                0x00000000080019a8                cdc_acm_class_handle_req
 .text.cdc_acm_int_in
                0x0000000008001a00       0x18 zephyr/libzephyr.a(cdc_acm.c.obj)
 .text.cdc_acm_irq_rx_enable
                0x0000000008001a18       0x20 zephyr/libzephyr.a(cdc_acm.c.obj)
 .text.cdc_acm_irq_tx_enable
                0x0000000008001a38       0x20 zephyr/libzephyr.a(cdc_acm.c.obj)
 .text.cdc_acm_reset_port
                0x0000000008001a58       0x38 zephyr/libzephyr.a(cdc_acm.c.obj)
 .text.cdc_acm_fifo_fill
                0x0000000008001a90       0x34 zephyr/libzephyr.a(cdc_acm.c.obj)
 .text.cdc_acm_poll_out
                0x0000000008001ac4       0x58 zephyr/libzephyr.a(cdc_acm.c.obj)
 .text.tx_work_handler
                0x0000000008001b1c       0x58 zephyr/libzephyr.a(cdc_acm.c.obj)
 .text.cdc_acm_write_cb
                0x0000000008001b74       0x3c zephyr/libzephyr.a(cdc_acm.c.obj)
 .text.cdc_acm_init
                0x0000000008001bb0       0x48 zephyr/libzephyr.a(cdc_acm.c.obj)
 .text.cdc_acm_send_notification.isra.0
                0x0000000008001bf8       0x44 zephyr/libzephyr.a(cdc_acm.c.obj)
 .text.cdc_acm_read_cb
                0x0000000008001c3c       0x68 zephyr/libzephyr.a(cdc_acm.c.obj)
 .text.cdc_acm_dev_status_cb
                0x0000000008001ca4       0xa0 zephyr/libzephyr.a(cdc_acm.c.obj)
 .text.z_usb_work_q_init
                0x0000000008001d44       0x34 zephyr/libzephyr.a(usb_work_q.c.obj)
 .text.z_arm_cpu_idle_init
                0x0000000008001d78        0xc zephyr/arch/arch/arm/core/aarch32/libarch__arm__core__aarch32.a(cpu_idle.S.obj)
                0x0000000008001d78                z_arm_cpu_idle_init
 .text.arch_cpu_idle
                0x0000000008001d84       0x1c zephyr/arch/arch/arm/core/aarch32/libarch__arm__core__aarch32.a(cpu_idle.S.obj)
                0x0000000008001d84                arch_cpu_idle
 .text.arch_irq_enable
                0x0000000008001da0       0x1c zephyr/arch/arch/arm/core/aarch32/libarch__arm__core__aarch32.a(irq_manage.c.obj)
                0x0000000008001da0                arch_irq_enable
 .text.arch_irq_disable
                0x0000000008001dbc       0x28 zephyr/arch/arch/arm/core/aarch32/libarch__arm__core__aarch32.a(irq_manage.c.obj)
                0x0000000008001dbc                arch_irq_disable
 .text.z_arm_irq_priority_set
                0x0000000008001de4       0x30 zephyr/arch/arch/arm/core/aarch32/libarch__arm__core__aarch32.a(irq_manage.c.obj)
                0x0000000008001de4                z_arm_irq_priority_set
 .text.z_SysNmiOnReset
                0x0000000008001e14        0x8 zephyr/arch/arch/arm/core/aarch32/libarch__arm__core__aarch32.a(nmi_on_reset.S.obj)
                0x0000000008001e14                z_SysNmiOnReset
 .text.z_arm_prep_c
                0x0000000008001e1c       0x48 zephyr/arch/arch/arm/core/aarch32/libarch__arm__core__aarch32.a(prep_c.c.obj)
                0x0000000008001e1c                z_arm_prep_c
 .text.arch_swap
                0x0000000008001e64       0x34 zephyr/arch/arch/arm/core/aarch32/libarch__arm__core__aarch32.a(swap.c.obj)
                0x0000000008001e64                arch_swap
 .text.z_arm_pendsv
                0x0000000008001e98       0x54 zephyr/arch/arch/arm/core/aarch32/libarch__arm__core__aarch32.a(swap_helper.S.obj)
                0x0000000008001e98                z_arm_pendsv
 .text.z_arm_svc
                0x0000000008001eec       0x20 zephyr/arch/arch/arm/core/aarch32/libarch__arm__core__aarch32.a(swap_helper.S.obj)
                0x0000000008001eec                z_arm_svc
 .text.arch_new_thread
                0x0000000008001f0c       0x38 zephyr/arch/arch/arm/core/aarch32/libarch__arm__core__aarch32.a(thread.c.obj)
                0x0000000008001f0c                arch_new_thread
 .text.z_check_thread_stack_fail
                0x0000000008001f44       0x2c zephyr/arch/arch/arm/core/aarch32/libarch__arm__core__aarch32.a(thread.c.obj)
                0x0000000008001f44                z_check_thread_stack_fail
 .text.arch_switch_to_main_thread
                0x0000000008001f70       0x2c zephyr/arch/arch/arm/core/aarch32/libarch__arm__core__aarch32.a(thread.c.obj)
                0x0000000008001f70                arch_switch_to_main_thread
 .text._isr_wrapper
                0x0000000008001f9c       0x28 zephyr/arch/arch/arm/core/aarch32/libarch__arm__core__aarch32.a(isr_wrapper.S.obj)
                0x0000000008001f9c                _isr_wrapper
 .text._HandlerModeExit
                0x0000000008001fc4       0x1c zephyr/arch/arch/arm/core/aarch32/cortex_m/libarch__arm__core__aarch32__cortex_m.a(exc_exit.S.obj)
                0x0000000008001fc4                z_arm_exc_exit
                0x0000000008001fc4                z_arm_int_exit
 .text.mem_manage_fault
                0x0000000008001fe0       0x7c zephyr/arch/arch/arm/core/aarch32/cortex_m/libarch__arm__core__aarch32__cortex_m.a(fault.c.obj)
 .text.bus_fault.constprop.0
                0x000000000800205c       0x3c zephyr/arch/arch/arm/core/aarch32/cortex_m/libarch__arm__core__aarch32__cortex_m.a(fault.c.obj)
 .text.z_arm_fault
                0x0000000008002098      0x130 zephyr/arch/arch/arm/core/aarch32/cortex_m/libarch__arm__core__aarch32__cortex_m.a(fault.c.obj)
                0x0000000008002098                z_arm_fault
 .text.z_arm_fault_init
                0x00000000080021c8       0x10 zephyr/arch/arch/arm/core/aarch32/cortex_m/libarch__arm__core__aarch32__cortex_m.a(fault.c.obj)
                0x00000000080021c8                z_arm_fault_init
 .text.__fault  0x00000000080021d8       0x14 zephyr/arch/arch/arm/core/aarch32/cortex_m/libarch__arm__core__aarch32__cortex_m.a(fault_s.S.obj)
                0x00000000080021d8                z_arm_bus_fault
                0x00000000080021d8                z_arm_usage_fault
                0x00000000080021d8                z_arm_mpu_fault
                0x00000000080021d8                z_arm_exc_spurious
                0x00000000080021d8                z_arm_debug_monitor
                0x00000000080021d8                z_arm_hard_fault
 .text.z_arm_interrupt_init
                0x00000000080021ec       0x18 zephyr/arch/arch/arm/core/aarch32/cortex_m/libarch__arm__core__aarch32__cortex_m.a(irq_init.c.obj)
                0x00000000080021ec                z_arm_interrupt_init
 .text._reset_section
                0x0000000008002204       0x2c zephyr/arch/arch/arm/core/aarch32/cortex_m/libarch__arm__core__aarch32__cortex_m.a(reset.S.obj)
                0x0000000008002204                z_arm_reset
                0x0000000008002204                __start
 .text.z_impl_k_thread_abort
                0x0000000008002230       0x2c zephyr/arch/arch/arm/core/aarch32/cortex_m/libarch__arm__core__aarch32__cortex_m.a(thread_abort.c.obj)
                0x0000000008002230                z_impl_k_thread_abort
 .text.z_arm_configure_static_mpu_regions
                0x000000000800225c       0x18 zephyr/arch/arch/arm/core/aarch32/mpu/libarch__arm__core__aarch32__mpu.a(arm_core_mpu.c.obj)
                0x000000000800225c                z_arm_configure_static_mpu_regions
 .text.z_arm_configure_dynamic_mpu_regions
                0x0000000008002274       0x20 zephyr/arch/arch/arm/core/aarch32/mpu/libarch__arm__core__aarch32__mpu.a(arm_core_mpu.c.obj)
                0x0000000008002274                z_arm_configure_dynamic_mpu_regions
 .text.mpu_configure_regions
                0x0000000008002294       0x88 zephyr/arch/arch/arm/core/aarch32/mpu/libarch__arm__core__aarch32__mpu.a(arm_mpu.c.obj)
 .text.arm_core_mpu_enable
                0x000000000800231c       0x18 zephyr/arch/arch/arm/core/aarch32/mpu/libarch__arm__core__aarch32__mpu.a(arm_mpu.c.obj)
                0x000000000800231c                arm_core_mpu_enable
 .text.arm_core_mpu_disable
                0x0000000008002334       0x14 zephyr/arch/arch/arm/core/aarch32/mpu/libarch__arm__core__aarch32__mpu.a(arm_mpu.c.obj)
                0x0000000008002334                arm_core_mpu_disable
 .text.arm_core_mpu_configure_static_mpu_regions
                0x0000000008002348       0x14 zephyr/arch/arch/arm/core/aarch32/mpu/libarch__arm__core__aarch32__mpu.a(arm_mpu.c.obj)
                0x0000000008002348                arm_core_mpu_configure_static_mpu_regions
 .text.arm_core_mpu_configure_dynamic_mpu_regions
                0x000000000800235c       0x30 zephyr/arch/arch/arm/core/aarch32/mpu/libarch__arm__core__aarch32__mpu.a(arm_mpu.c.obj)
                0x000000000800235c                arm_core_mpu_configure_dynamic_mpu_regions
 .text.z_arm_mpu_init
                0x000000000800238c       0x60 zephyr/arch/arch/arm/core/aarch32/mpu/libarch__arm__core__aarch32__mpu.a(arm_mpu.c.obj)
                0x000000000800238c                z_arm_mpu_init
 .text.__stdout_hook_install
                0x00000000080023ec        0xc zephyr/lib/libc/minimal/liblib__libc__minimal.a(stdout_console.c.obj)
                0x00000000080023ec                __stdout_hook_install
 .text.__stm32_exti_isr.isra.0
                0x00000000080023f8       0x40 zephyr/drivers/interrupt_controller/libdrivers__interrupt_controller.a(intc_exti_stm32.c.obj)
 .text.stm32_exti_enable
                0x0000000008002438       0x1c zephyr/drivers/interrupt_controller/libdrivers__interrupt_controller.a(intc_exti_stm32.c.obj)
                0x0000000008002438                stm32_exti_enable
 .text.stm32_exti_disable
                0x0000000008002454       0x18 zephyr/drivers/interrupt_controller/libdrivers__interrupt_controller.a(intc_exti_stm32.c.obj)
                0x0000000008002454                stm32_exti_disable
 .text.stm32_exti_trigger
                0x000000000800246c       0x60 zephyr/drivers/interrupt_controller/libdrivers__interrupt_controller.a(intc_exti_stm32.c.obj)
                0x000000000800246c                stm32_exti_trigger
 .text.stm32_exti_set_callback
                0x00000000080024cc       0x24 zephyr/drivers/interrupt_controller/libdrivers__interrupt_controller.a(intc_exti_stm32.c.obj)
                0x00000000080024cc                stm32_exti_set_callback
 .text.stm32_exti_unset_callback
                0x00000000080024f0       0x14 zephyr/drivers/interrupt_controller/libdrivers__interrupt_controller.a(intc_exti_stm32.c.obj)
                0x00000000080024f0                stm32_exti_unset_callback
 .text.usb_dc_stm32_get_ep_state
                0x0000000008002504       0x28 zephyr/drivers/usb/device/libdrivers__usb__device.a(usb_dc_stm32.c.obj)
 .text.usb_dc_stm32_isr
                0x000000000800252c        0xc zephyr/drivers/usb/device/libdrivers__usb__device.a(usb_dc_stm32.c.obj)
 .text.usb_dc_attach
                0x0000000008002538      0x11c zephyr/drivers/usb/device/libdrivers__usb__device.a(usb_dc_stm32.c.obj)
                0x0000000008002538                usb_dc_attach
 .text.usb_dc_set_status_callback
                0x0000000008002654        0xc zephyr/drivers/usb/device/libdrivers__usb__device.a(usb_dc_stm32.c.obj)
                0x0000000008002654                usb_dc_set_status_callback
 .text.usb_dc_set_address
                0x0000000008002660       0x1c zephyr/drivers/usb/device/libdrivers__usb__device.a(usb_dc_stm32.c.obj)
                0x0000000008002660                usb_dc_set_address
 .text.usb_dc_ep_start_read
                0x000000000800267c       0x40 zephyr/drivers/usb/device/libdrivers__usb__device.a(usb_dc_stm32.c.obj)
                0x000000000800267c                usb_dc_ep_start_read
 .text.usb_dc_ep_get_read_count
                0x00000000080026bc       0x24 zephyr/drivers/usb/device/libdrivers__usb__device.a(usb_dc_stm32.c.obj)
                0x00000000080026bc                usb_dc_ep_get_read_count
 .text.usb_dc_ep_set_stall
                0x00000000080026e0       0x2c zephyr/drivers/usb/device/libdrivers__usb__device.a(usb_dc_stm32.c.obj)
                0x00000000080026e0                usb_dc_ep_set_stall
 .text.usb_dc_ep_clear_stall
                0x000000000800270c       0x2c zephyr/drivers/usb/device/libdrivers__usb__device.a(usb_dc_stm32.c.obj)
                0x000000000800270c                usb_dc_ep_clear_stall
 .text.usb_dc_ep_enable
                0x0000000008002738       0x44 zephyr/drivers/usb/device/libdrivers__usb__device.a(usb_dc_stm32.c.obj)
                0x0000000008002738                usb_dc_ep_enable
 .text.usb_dc_ep_disable
                0x000000000800277c       0x28 zephyr/drivers/usb/device/libdrivers__usb__device.a(usb_dc_stm32.c.obj)
                0x000000000800277c                usb_dc_ep_disable
 .text.usb_dc_ep_write
                0x00000000080027a4       0xa4 zephyr/drivers/usb/device/libdrivers__usb__device.a(usb_dc_stm32.c.obj)
                0x00000000080027a4                usb_dc_ep_write
 .text.usb_dc_ep_read_wait
                0x0000000008002848       0x60 zephyr/drivers/usb/device/libdrivers__usb__device.a(usb_dc_stm32.c.obj)
                0x0000000008002848                usb_dc_ep_read_wait
 .text.usb_dc_ep_read_continue
                0x00000000080028a8       0x38 zephyr/drivers/usb/device/libdrivers__usb__device.a(usb_dc_stm32.c.obj)
                0x00000000080028a8                usb_dc_ep_read_continue
 .text.HAL_PCD_ResetCallback
                0x00000000080028e0       0x54 zephyr/drivers/usb/device/libdrivers__usb__device.a(usb_dc_stm32.c.obj)
                0x00000000080028e0                HAL_PCD_ResetCallback
 .text.HAL_PCD_ConnectCallback
                0x0000000008002934       0x14 zephyr/drivers/usb/device/libdrivers__usb__device.a(usb_dc_stm32.c.obj)
                0x0000000008002934                HAL_PCD_ConnectCallback
 .text.HAL_PCD_DisconnectCallback
                0x0000000008002948       0x14 zephyr/drivers/usb/device/libdrivers__usb__device.a(usb_dc_stm32.c.obj)
                0x0000000008002948                HAL_PCD_DisconnectCallback
 .text.HAL_PCD_SuspendCallback
                0x000000000800295c       0x14 zephyr/drivers/usb/device/libdrivers__usb__device.a(usb_dc_stm32.c.obj)
                0x000000000800295c                HAL_PCD_SuspendCallback
 .text.HAL_PCD_ResumeCallback
                0x0000000008002970       0x14 zephyr/drivers/usb/device/libdrivers__usb__device.a(usb_dc_stm32.c.obj)
                0x0000000008002970                HAL_PCD_ResumeCallback
 .text.HAL_PCD_SetupStageCallback
                0x0000000008002984       0x4c zephyr/drivers/usb/device/libdrivers__usb__device.a(usb_dc_stm32.c.obj)
                0x0000000008002984                HAL_PCD_SetupStageCallback
 .text.stm32_clock_control_get_subsys_rate
                0x00000000080029d0       0x64 zephyr/drivers/clock_control/libdrivers__clock_control.a(clock_stm32_ll_common.c.obj)
 .text.stm32_clock_control_init
                0x0000000008002a34      0x104 zephyr/drivers/clock_control/libdrivers__clock_control.a(clock_stm32_ll_common.c.obj)
                0x0000000008002a34                stm32_clock_control_init
 .text.get_pllsrc_frequency
                0x0000000008002b38        0x8 zephyr/drivers/clock_control/libdrivers__clock_control.a(clock_stm32f2_f4_f7.c.obj)
                0x0000000008002b38                get_pllsrc_frequency
 .text.config_pll_sysclock
                0x0000000008002b40       0x24 zephyr/drivers/clock_control/libdrivers__clock_control.a(clock_stm32f2_f4_f7.c.obj)
                0x0000000008002b40                config_pll_sysclock
 .text.config_enable_default_clocks
                0x0000000008002b64       0x20 zephyr/drivers/clock_control/libdrivers__clock_control.a(clock_stm32f2_f4_f7.c.obj)
                0x0000000008002b64                config_enable_default_clocks
 .text.uart_console_init
                0x0000000008002b84       0x28 zephyr/drivers/console/libdrivers__console.a(uart_console.c.obj)
 .text.console_out
                0x0000000008002bac       0x28 zephyr/drivers/console/libdrivers__console.a(uart_console.c.obj)
 .text.gpio_stm32_init
                0x0000000008002bd4       0x30 zephyr/drivers/gpio/libdrivers__gpio.a(gpio_stm32.c.obj)
 .text.gpio_stm32_pin_interrupt_configure
                0x0000000008002c04      0x104 zephyr/drivers/gpio/libdrivers__gpio.a(gpio_stm32.c.obj)
 .text.spi_stm32_init
                0x0000000008002d08       0xcc zephyr/drivers/spi/libdrivers__spi.a(spi_ll_stm32.c.obj)
 .text.spi_stm32_transceive
                0x0000000008002dd4      0x280 zephyr/drivers/spi/libdrivers__spi.a(spi_ll_stm32.c.obj)
 .text.z_impl_hwinfo_get_device_id
                0x0000000008003054       0x38 zephyr/drivers/hwinfo/libdrivers__hwinfo.a(hwinfo_stm32.c.obj)
                0x0000000008003054                z_impl_hwinfo_get_device_id
 .text.uart_stm32_irq_err_enable
                0x000000000800308c       0x5c zephyr/drivers/serial/libdrivers__serial.a(uart_stm32.c.obj)
 .text.uart_stm32_irq_err_disable
                0x00000000080030e8       0x5c zephyr/drivers/serial/libdrivers__serial.a(uart_stm32.c.obj)
 .text.uart_stm32_init
                0x0000000008003144       0xe4 zephyr/drivers/serial/libdrivers__serial.a(uart_stm32.c.obj)
 .text.uart_stm32_configure
                0x0000000008003228      0x15c zephyr/drivers/serial/libdrivers__serial.a(uart_stm32.c.obj)
 .text.elapsed  0x0000000008003384       0x3c zephyr/drivers/timer/libdrivers__timer.a(cortex_m_systick.c.obj)
 .text.sys_clock_driver_init
                0x00000000080033c0       0x34 zephyr/drivers/timer/libdrivers__timer.a(cortex_m_systick.c.obj)
 .text.sys_clock_isr
                0x00000000080033f4       0x44 zephyr/drivers/timer/libdrivers__timer.a(cortex_m_systick.c.obj)
                0x00000000080033f4                sys_clock_isr
 .text.sys_clock_set_timeout
                0x0000000008003438       0xe0 zephyr/drivers/timer/libdrivers__timer.a(cortex_m_systick.c.obj)
                0x0000000008003438                sys_clock_set_timeout
 .text.sys_clock_elapsed
                0x0000000008003518       0x3c zephyr/drivers/timer/libdrivers__timer.a(cortex_m_systick.c.obj)
                0x0000000008003518                sys_clock_elapsed
 .text.sys_clock_cycle_get_32
                0x0000000008003554       0x2c zephyr/drivers/timer/libdrivers__timer.a(cortex_m_systick.c.obj)
                0x0000000008003554                sys_clock_cycle_get_32
 .text.pinctrl_configure_pins
                0x0000000008003580       0x8c zephyr/drivers/pinctrl/libdrivers__pinctrl.a(pinctrl_stm32.c.obj)
                0x0000000008003580                pinctrl_configure_pins
 .text.HAL_RCC_GetSysClockFreq
                0x000000000800360c       0x4c modules/stm32/stm32cube/lib..__modules__hal__stm32__stm32cube.a(stm32f4xx_hal_rcc.c.obj)
                0x000000000800360c                HAL_RCC_GetSysClockFreq
 .text.HAL_RCC_GetHCLKFreq
                0x0000000008003658        0xc modules/stm32/stm32cube/lib..__modules__hal__stm32__stm32cube.a(stm32f4xx_hal_rcc.c.obj)
                0x0000000008003658                HAL_RCC_GetHCLKFreq
 .text.HAL_PCD_IRQHandler
                0x0000000008003664      0x688 modules/stm32/stm32cube/lib..__modules__hal__stm32__stm32cube.a(stm32f4xx_hal_pcd.c.obj)
                0x0000000008003664                HAL_PCD_IRQHandler
 .text.USB_CoreReset
                0x0000000008003cec       0x4c modules/stm32/stm32cube/lib..__modules__hal__stm32__stm32cube.a(stm32f4xx_ll_usb.c.obj)
 .text.USB_SetTurnaroundTime
                0x0000000008003d38       0xe0 modules/stm32/stm32cube/lib..__modules__hal__stm32__stm32cube.a(stm32f4xx_ll_usb.c.obj)
                0x0000000008003d38                USB_SetTurnaroundTime
 .text.USB_FlushTxFifo
                0x0000000008003e18       0x4c modules/stm32/stm32cube/lib..__modules__hal__stm32__stm32cube.a(stm32f4xx_ll_usb.c.obj)
                0x0000000008003e18                USB_FlushTxFifo
 .text.USB_FlushRxFifo
                0x0000000008003e64       0x48 modules/stm32/stm32cube/lib..__modules__hal__stm32__stm32cube.a(stm32f4xx_ll_usb.c.obj)
                0x0000000008003e64                USB_FlushRxFifo
 .text.USB_DevInit
                0x0000000008003eac      0x17c modules/stm32/stm32cube/lib..__modules__hal__stm32__stm32cube.a(stm32f4xx_ll_usb.c.obj)
                0x0000000008003eac                USB_DevInit
 .text.USB_DeactivateEndpoint
                0x0000000008004028       0xc0 modules/stm32/stm32cube/lib..__modules__hal__stm32__stm32cube.a(stm32f4xx_ll_usb.c.obj)
                0x0000000008004028                USB_DeactivateEndpoint
 .text.USB_EP0StartXfer
                0x00000000080040e8       0xf0 modules/stm32/stm32cube/lib..__modules__hal__stm32__stm32cube.a(stm32f4xx_ll_usb.c.obj)
                0x00000000080040e8                USB_EP0StartXfer
 .text.USB_EPStartXfer
                0x00000000080041d8      0x1a0 modules/stm32/stm32cube/lib..__modules__hal__stm32__stm32cube.a(stm32f4xx_ll_usb.c.obj)
                0x00000000080041d8                USB_EPStartXfer
 .text.USB_EP0_OutStart
                0x0000000008004378       0x4c modules/stm32/stm32cube/lib..__modules__hal__stm32__stm32cube.a(stm32f4xx_ll_usb.c.obj)
                0x0000000008004378                USB_EP0_OutStart
 .text.LL_SetFlashLatency
                0x00000000080043c4       0x9c modules/stm32/stm32cube/lib..__modules__hal__stm32__stm32cube.a(stm32f4xx_ll_utils.c.obj)
                0x00000000080043c4                LL_SetFlashLatency
 .text.z_sys_init_run_level
                0x0000000008004460       0x44 zephyr/kernel/libkernel.a(init.c.obj)
 .text.bg_thread_main
                0x00000000080044a4       0x34 zephyr/kernel/libkernel.a(init.c.obj)
 .text.z_bss_zero
                0x00000000080044d8       0x18 zephyr/kernel/libkernel.a(init.c.obj)
                0x00000000080044d8                z_bss_zero
 .text.z_init_cpu
                0x00000000080044f0       0x70 zephyr/kernel/libkernel.a(init.c.obj)
                0x00000000080044f0                z_init_cpu
 .text.z_cstart
                0x0000000008004560       0xd8 zephyr/kernel/libkernel.a(init.c.obj)
                0x0000000008004560                z_cstart
 .text.z_setup_new_thread
                0x0000000008004638       0x64 zephyr/kernel/libkernel.a(thread.c.obj)
                0x0000000008004638                z_setup_new_thread
 .text.z_impl_k_thread_create
                0x000000000800469c       0x58 zephyr/kernel/libkernel.a(thread.c.obj)
                0x000000000800469c                z_impl_k_thread_create
 .text.z_init_static_threads
                0x00000000080046f4       0x98 zephyr/kernel/libkernel.a(thread.c.obj)
                0x00000000080046f4                z_init_static_threads
 .text.z_impl_k_mutex_lock
                0x000000000800478c       0xf4 zephyr/kernel/libkernel.a(mutex.c.obj)
                0x000000000800478c                z_impl_k_mutex_lock
 .text.z_impl_k_mutex_unlock
                0x0000000008004880       0x78 zephyr/kernel/libkernel.a(mutex.c.obj)
                0x0000000008004880                z_impl_k_mutex_unlock
 .text.z_impl_k_sem_give
                0x00000000080048f8       0x40 zephyr/kernel/libkernel.a(sem.c.obj)
                0x00000000080048f8                z_impl_k_sem_give
 .text.z_impl_k_sem_take
                0x0000000008004938       0x50 zephyr/kernel/libkernel.a(sem.c.obj)
                0x0000000008004938                z_impl_k_sem_take
 .text.work_queue_main
                0x0000000008004988      0x138 zephyr/kernel/libkernel.a(work.c.obj)
 .text.submit_to_queue_locked
                0x0000000008004ac0       0xb4 zephyr/kernel/libkernel.a(work.c.obj)
 .text.k_work_queue_start
                0x0000000008004b74       0x70 zephyr/kernel/libkernel.a(work.c.obj)
                0x0000000008004b74                k_work_queue_start
 .text.z_reset_time_slice
                0x0000000008004be4       0x28 zephyr/kernel/libkernel.a(sched.c.obj)
                0x0000000008004be4                z_reset_time_slice
 .text.update_cache
                0x0000000008004c0c       0x3c zephyr/kernel/libkernel.a(sched.c.obj)
 .text.move_thread_to_end_of_prio_q
                0x0000000008004c48       0x74 zephyr/kernel/libkernel.a(sched.c.obj)
 .text.ready_thread
                0x0000000008004cbc       0x68 zephyr/kernel/libkernel.a(sched.c.obj)
 .text.unready_thread
                0x0000000008004d24       0x30 zephyr/kernel/libkernel.a(sched.c.obj)
 .text.pend_locked
                0x0000000008004d54       0x30 zephyr/kernel/libkernel.a(sched.c.obj)
 .text.k_sched_time_slice_set
                0x0000000008004d84       0x4c zephyr/kernel/libkernel.a(sched.c.obj)
                0x0000000008004d84                k_sched_time_slice_set
 .text.z_time_slice
                0x0000000008004dd0       0x84 zephyr/kernel/libkernel.a(sched.c.obj)
                0x0000000008004dd0                z_time_slice
 .text.z_pend_curr
                0x0000000008004e54       0x3c zephyr/kernel/libkernel.a(sched.c.obj)
                0x0000000008004e54                z_pend_curr
 .text.z_set_prio
                0x0000000008004e90       0x8c zephyr/kernel/libkernel.a(sched.c.obj)
                0x0000000008004e90                z_set_prio
 .text.z_reschedule
                0x0000000008004f1c       0x24 zephyr/kernel/libkernel.a(sched.c.obj)
                0x0000000008004f1c                z_reschedule
 .text.z_sched_start
                0x0000000008004f40       0x3c zephyr/kernel/libkernel.a(sched.c.obj)
                0x0000000008004f40                z_sched_start
 .text.z_impl_k_thread_suspend
                0x0000000008004f7c       0x64 zephyr/kernel/libkernel.a(sched.c.obj)
                0x0000000008004f7c                z_impl_k_thread_suspend
 .text.k_sched_lock
                0x0000000008004fe0       0x28 zephyr/kernel/libkernel.a(sched.c.obj)
                0x0000000008004fe0                k_sched_lock
 .text.k_sched_unlock
                0x0000000008005008       0x38 zephyr/kernel/libkernel.a(sched.c.obj)
                0x0000000008005008                k_sched_unlock
 .text.z_sched_init
                0x0000000008005040       0x18 zephyr/kernel/libkernel.a(sched.c.obj)
                0x0000000008005040                z_sched_init
 .text.z_impl_k_yield
                0x0000000008005058       0x7c zephyr/kernel/libkernel.a(sched.c.obj)
                0x0000000008005058                z_impl_k_yield
 .text.z_tick_sleep
                0x00000000080050d4       0x88 zephyr/kernel/libkernel.a(sched.c.obj)
 .text.z_impl_k_sleep
                0x000000000800515c       0x30 zephyr/kernel/libkernel.a(sched.c.obj)
                0x000000000800515c                z_impl_k_sleep
 .text.z_impl_z_current_get
                0x000000000800518c        0xc zephyr/kernel/libkernel.a(sched.c.obj)
                0x000000000800518c                z_impl_z_current_get
 .text.z_thread_abort
                0x0000000008005198       0xc0 zephyr/kernel/libkernel.a(sched.c.obj)
                0x0000000008005198                z_thread_abort
 .text.z_sched_wait
                0x0000000008005258       0x24 zephyr/kernel/libkernel.a(sched.c.obj)
                0x0000000008005258                z_sched_wait
 .text.z_data_copy
                0x000000000800527c       0x34 zephyr/kernel/libkernel.a(xip.c.obj)
                0x000000000800527c                z_data_copy
 .text.elapsed  0x00000000080052b0       0x14 zephyr/kernel/libkernel.a(timeout.c.obj)
 .text.next_timeout
                0x00000000080052c4       0x50 zephyr/kernel/libkernel.a(timeout.c.obj)
 .text.remove_timeout
                0x0000000008005314       0x38 zephyr/kernel/libkernel.a(timeout.c.obj)
 .text.z_add_timeout
                0x000000000800534c       0xfc zephyr/kernel/libkernel.a(timeout.c.obj)
                0x000000000800534c                z_add_timeout
 .text.sys_clock_announce
                0x0000000008005448       0xb4 zephyr/kernel/libkernel.a(timeout.c.obj)
                0x0000000008005448                sys_clock_announce
 .text.sys_clock_tick_get
                0x00000000080054fc       0x34 zephyr/kernel/libkernel.a(timeout.c.obj)
                0x00000000080054fc                sys_clock_tick_get
 .text.z_impl_k_busy_wait
                0x0000000008005530       0x30 zephyr/kernel/libkernel.a(timeout.c.obj)
                0x0000000008005530                z_impl_k_busy_wait
 .text.boot_banner
                0x0000000008005560        0xc zephyr/kernel/libkernel.a(banner.c.obj)
                0x0000000008005560                boot_banner
 .text.k_sys_work_q_init
                0x000000000800556c       0x34 zephyr/kernel/libkernel.a(system_work_q.c.obj)
 .text._OffsetAbsSyms
                0x00000000080055a0        0x2 zephyr/CMakeFiles/offsets.dir/./arch/arm/core/offsets/offsets.c.obj
                0x00000000080055a0                _OffsetAbsSyms
 .text.arch_printk_char_out
                0x00000000080055a2        0x4 zephyr/libzephyr.a(printk.c.obj)
                0x00000000080055a2                arch_printk_char_out
 .text.printk   0x00000000080055a6       0x1a zephyr/libzephyr.a(printk.c.obj)
                0x00000000080055a6                printk
 .text.z_thread_entry
                0x00000000080055c0       0x14 zephyr/libzephyr.a(thread_entry.c.obj)
                0x00000000080055c0                z_thread_entry
 .text.encode_uint
                0x00000000080055d4       0x8c zephyr/libzephyr.a(cbprintf_complete.c.obj)
 .text.outs     0x0000000008005660       0x2e zephyr/libzephyr.a(cbprintf_complete.c.obj)
 .text.ring_buf_put_claim
                0x000000000800568e       0x3e zephyr/libzephyr.a(ring_buffer.c.obj)
                0x000000000800568e                ring_buf_put_claim
 .text.ring_buf_put_finish
                0x00000000080056cc       0x2a zephyr/libzephyr.a(ring_buffer.c.obj)
                0x00000000080056cc                ring_buf_put_finish
 .text.ring_buf_put
                0x00000000080056f6       0x3e zephyr/libzephyr.a(ring_buffer.c.obj)
                0x00000000080056f6                ring_buf_put
 .text.ring_buf_get_claim
                0x0000000008005734       0x40 zephyr/libzephyr.a(ring_buffer.c.obj)
                0x0000000008005734                ring_buf_get_claim
 .text.ring_buf_get_finish
                0x0000000008005774       0x2a zephyr/libzephyr.a(ring_buffer.c.obj)
                0x0000000008005774                ring_buf_get_finish
 .text.ring_buf_get
                0x000000000800579e       0x40 zephyr/libzephyr.a(ring_buffer.c.obj)
                0x000000000800579e                ring_buf_get
 .text._ConfigAbsSyms
                0x00000000080057de        0x2 zephyr/libzephyr.a(configs.c.obj)
                0x00000000080057de                _ConfigAbsSyms
 .text.HAL_Delay
                0x00000000080057e0       0x16 zephyr/libzephyr.a(stm32cube_hal.c.obj)
                0x00000000080057e0                HAL_Delay
 .text.st_stm32_common_config
                0x00000000080057f6        0x4 zephyr/libzephyr.a(soc_config.c.obj)
 .text.usb_write
                0x00000000080057fa       0x30 zephyr/libzephyr.a(usb_device.c.obj)
                0x00000000080057fa                usb_write
 .text.usb_get_dev_data_by_cfg
                0x000000000800582a       0x18 zephyr/libzephyr.a(usb_descriptor.c.obj)
                0x000000000800582a                usb_get_dev_data_by_cfg
 .text.usb_get_dev_data_by_iface
                0x0000000008005842       0x1c zephyr/libzephyr.a(usb_descriptor.c.obj)
                0x0000000008005842                usb_get_dev_data_by_iface
 .text.usb_get_dev_data_by_ep
                0x000000000800585e       0x2c zephyr/libzephyr.a(usb_descriptor.c.obj)
                0x000000000800585e                usb_get_dev_data_by_ep
 .text.usb_transfer_is_busy
                0x000000000800588a       0x16 zephyr/libzephyr.a(usb_transfer.c.obj)
                0x000000000800588a                usb_transfer_is_busy
 .text.cdc_interface_config
                0x00000000080058a0       0x14 zephyr/libzephyr.a(cdc_acm.c.obj)
 .text.cdc_acm_irq_callback_work_handler
                0x00000000080058b4        0x8 zephyr/libzephyr.a(cdc_acm.c.obj)
 .text.cdc_acm_irq_tx_disable
                0x00000000080058bc        0xa zephyr/libzephyr.a(cdc_acm.c.obj)
 .text.cdc_acm_irq_tx_ready
                0x00000000080058c6        0xe zephyr/libzephyr.a(cdc_acm.c.obj)
 .text.cdc_acm_irq_rx_disable
                0x00000000080058d4        0xa zephyr/libzephyr.a(cdc_acm.c.obj)
 .text.cdc_acm_irq_rx_ready
                0x00000000080058de        0x8 zephyr/libzephyr.a(cdc_acm.c.obj)
 .text.cdc_acm_irq_is_pending
                0x00000000080058e6       0x1e zephyr/libzephyr.a(cdc_acm.c.obj)
 .text.cdc_acm_irq_update
                0x0000000008005904        0x4 zephyr/libzephyr.a(cdc_acm.c.obj)
 .text.cdc_acm_irq_callback_set
                0x0000000008005908        0x8 zephyr/libzephyr.a(cdc_acm.c.obj)
 .text.cdc_acm_line_ctrl_get
                0x0000000008005910       0x30 zephyr/libzephyr.a(cdc_acm.c.obj)
 .text.cdc_acm_configure
                0x0000000008005940        0x4 zephyr/libzephyr.a(cdc_acm.c.obj)
 .text.cdc_acm_config_get
                0x0000000008005944       0x56 zephyr/libzephyr.a(cdc_acm.c.obj)
 .text.cdc_acm_line_ctrl_set
                0x000000000800599a       0xbc zephyr/libzephyr.a(cdc_acm.c.obj)
 .text.cdc_acm_fifo_read
                0x0000000008005a56       0x54 zephyr/libzephyr.a(cdc_acm.c.obj)
 .text.cdc_acm_poll_in
                0x0000000008005aaa       0x12 zephyr/libzephyr.a(cdc_acm.c.obj)
 .text.z_arm_fatal_error
                0x0000000008005abc        0x4 zephyr/arch/arch/arm/core/aarch32/libarch__arm__core__aarch32.a(fatal.c.obj)
                0x0000000008005abc                z_arm_fatal_error
 .text.z_do_kernel_oops
                0x0000000008005ac0        0x8 zephyr/arch/arch/arm/core/aarch32/libarch__arm__core__aarch32.a(fatal.c.obj)
                0x0000000008005ac0                z_do_kernel_oops
 .text.z_irq_spurious
                0x0000000008005ac8        0x8 zephyr/arch/arch/arm/core/aarch32/libarch__arm__core__aarch32.a(irq_manage.c.obj)
                0x0000000008005ac8                z_irq_spurious
 .text.z_arm_nmi
                0x0000000008005ad0        0xe zephyr/arch/arch/arm/core/aarch32/libarch__arm__core__aarch32.a(nmi.c.obj)
                0x0000000008005ad0                z_arm_nmi
 .text.strlen   0x0000000008005ade        0xe zephyr/lib/libc/minimal/liblib__libc__minimal.a(string.c.obj)
                0x0000000008005ade                strlen
 .text.strnlen  0x0000000008005aec       0x12 zephyr/lib/libc/minimal/liblib__libc__minimal.a(string.c.obj)
                0x0000000008005aec                strnlen
 .text.strncmp  0x0000000008005afe       0x28 zephyr/lib/libc/minimal/liblib__libc__minimal.a(string.c.obj)
                0x0000000008005afe                strncmp
 .text.memcpy   0x0000000008005b26       0x16 zephyr/lib/libc/minimal/liblib__libc__minimal.a(string.c.obj)
                0x0000000008005b26                memcpy
 .text.memset   0x0000000008005b3c       0x12 zephyr/lib/libc/minimal/liblib__libc__minimal.a(string.c.obj)
                0x0000000008005b3c                memset
 .text._stdout_hook_default
                0x0000000008005b4e        0x6 zephyr/lib/libc/minimal/liblib__libc__minimal.a(stdout_console.c.obj)
 .text.stm32_exti_init
                0x0000000008005b54       0x74 zephyr/drivers/interrupt_controller/libdrivers__interrupt_controller.a(intc_exti_stm32.c.obj)
 .text.__stm32_exti_isr_22
                0x0000000008005bc8        0xa zephyr/drivers/interrupt_controller/libdrivers__interrupt_controller.a(intc_exti_stm32.c.obj)
 .text.__stm32_exti_isr_21
                0x0000000008005bd2        0xa zephyr/drivers/interrupt_controller/libdrivers__interrupt_controller.a(intc_exti_stm32.c.obj)
 .text.__stm32_exti_isr_18
                0x0000000008005bdc        0xa zephyr/drivers/interrupt_controller/libdrivers__interrupt_controller.a(intc_exti_stm32.c.obj)
 .text.__stm32_exti_isr_16
                0x0000000008005be6        0xa zephyr/drivers/interrupt_controller/libdrivers__interrupt_controller.a(intc_exti_stm32.c.obj)
 .text.__stm32_exti_isr_15_10
                0x0000000008005bf0        0xa zephyr/drivers/interrupt_controller/libdrivers__interrupt_controller.a(intc_exti_stm32.c.obj)
 .text.__stm32_exti_isr_9_5
                0x0000000008005bfa        0xa zephyr/drivers/interrupt_controller/libdrivers__interrupt_controller.a(intc_exti_stm32.c.obj)
 .text.__stm32_exti_isr_4
                0x0000000008005c04        0xa zephyr/drivers/interrupt_controller/libdrivers__interrupt_controller.a(intc_exti_stm32.c.obj)
 .text.__stm32_exti_isr_3
                0x0000000008005c0e        0xa zephyr/drivers/interrupt_controller/libdrivers__interrupt_controller.a(intc_exti_stm32.c.obj)
 .text.__stm32_exti_isr_2
                0x0000000008005c18        0xa zephyr/drivers/interrupt_controller/libdrivers__interrupt_controller.a(intc_exti_stm32.c.obj)
 .text.__stm32_exti_isr_1
                0x0000000008005c22        0xa zephyr/drivers/interrupt_controller/libdrivers__interrupt_controller.a(intc_exti_stm32.c.obj)
 .text.__stm32_exti_isr_0
                0x0000000008005c2c        0xa zephyr/drivers/interrupt_controller/libdrivers__interrupt_controller.a(intc_exti_stm32.c.obj)
 .text.usb_dc_ep_set_callback
                0x0000000008005c36       0x16 zephyr/drivers/usb/device/libdrivers__usb__device.a(usb_dc_stm32.c.obj)
                0x0000000008005c36                usb_dc_ep_set_callback
 .text.usb_dc_ep_check_cap
                0x0000000008005c4c       0x1e zephyr/drivers/usb/device/libdrivers__usb__device.a(usb_dc_stm32.c.obj)
                0x0000000008005c4c                usb_dc_ep_check_cap
 .text.usb_dc_ep_configure
                0x0000000008005c6a       0x2a zephyr/drivers/usb/device/libdrivers__usb__device.a(usb_dc_stm32.c.obj)
                0x0000000008005c6a                usb_dc_ep_configure
 .text.usb_dc_ep_is_stalled
                0x0000000008005c94       0x1a zephyr/drivers/usb/device/libdrivers__usb__device.a(usb_dc_stm32.c.obj)
                0x0000000008005c94                usb_dc_ep_is_stalled
 .text.usb_dc_ep_read
                0x0000000008005cae       0x1c zephyr/drivers/usb/device/libdrivers__usb__device.a(usb_dc_stm32.c.obj)
                0x0000000008005cae                usb_dc_ep_read
 .text.usb_dc_ep_mps
                0x0000000008005cca       0x12 zephyr/drivers/usb/device/libdrivers__usb__device.a(usb_dc_stm32.c.obj)
                0x0000000008005cca                usb_dc_ep_mps
 .text.HAL_PCD_DataOutStageCallback
                0x0000000008005cdc       0x2c zephyr/drivers/usb/device/libdrivers__usb__device.a(usb_dc_stm32.c.obj)
                0x0000000008005cdc                HAL_PCD_DataOutStageCallback
 .text.HAL_PCD_DataInStageCallback
                0x0000000008005d08       0x24 zephyr/drivers/usb/device/libdrivers__usb__device.a(usb_dc_stm32.c.obj)
                0x0000000008005d08                HAL_PCD_DataInStageCallback
 .text.stm32_clock_control_on
                0x0000000008005d2c       0x24 zephyr/drivers/clock_control/libdrivers__clock_control.a(clock_stm32_ll_common.c.obj)
 .text.stm32_clock_control_off
                0x0000000008005d50       0x24 zephyr/drivers/clock_control/libdrivers__clock_control.a(clock_stm32_ll_common.c.obj)
 .text.stm32_clock_control_configure
                0x0000000008005d74        0x6 zephyr/drivers/clock_control/libdrivers__clock_control.a(clock_stm32_ll_common.c.obj)
 .text.gpio_stm32_port_get_raw
                0x0000000008005d7a        0xc zephyr/drivers/gpio/libdrivers__gpio.a(gpio_stm32.c.obj)
 .text.gpio_stm32_port_set_masked_raw
                0x0000000008005d86       0x12 zephyr/drivers/gpio/libdrivers__gpio.a(gpio_stm32.c.obj)
 .text.gpio_stm32_port_set_bits_raw
                0x0000000008005d98        0xa zephyr/drivers/gpio/libdrivers__gpio.a(gpio_stm32.c.obj)
 .text.gpio_stm32_port_clear_bits_raw
                0x0000000008005da2        0xc zephyr/drivers/gpio/libdrivers__gpio.a(gpio_stm32.c.obj)
 .text.gpio_stm32_port_toggle_bits
                0x0000000008005dae        0xe zephyr/drivers/gpio/libdrivers__gpio.a(gpio_stm32.c.obj)
 .text.gpio_stm32_manage_callback
                0x0000000008005dbc       0x52 zephyr/drivers/gpio/libdrivers__gpio.a(gpio_stm32.c.obj)
 .text.gpio_stm32_configure_raw.isra.0
                0x0000000008005e0e      0x106 zephyr/drivers/gpio/libdrivers__gpio.a(gpio_stm32.c.obj)
 .text.gpio_stm32_config
                0x0000000008005f14       0x78 zephyr/drivers/gpio/libdrivers__gpio.a(gpio_stm32.c.obj)
 .text.gpio_stm32_isr
                0x0000000008005f8c       0x2e zephyr/drivers/gpio/libdrivers__gpio.a(gpio_stm32.c.obj)
 .text.gpio_stm32_configure
                0x0000000008005fba       0x30 zephyr/drivers/gpio/libdrivers__gpio.a(gpio_stm32.c.obj)
                0x0000000008005fba                gpio_stm32_configure
 .text.spi_context_get_next_buf
                0x0000000008005fea       0x2c zephyr/drivers/spi/libdrivers__spi.a(spi_ll_stm32.c.obj)
 .text.spi_stm32_irq_config_func_0
                0x0000000008006016       0x16 zephyr/drivers/spi/libdrivers__spi.a(spi_ll_stm32.c.obj)
 .text.spi_stm32_get_err
                0x000000000800602c       0x26 zephyr/drivers/spi/libdrivers__spi.a(spi_ll_stm32.c.obj)
 .text.gpio_pin_set_dt.isra.0
                0x0000000008006052       0x28 zephyr/drivers/spi/libdrivers__spi.a(spi_ll_stm32.c.obj)
 .text._spi_context_cs_control
                0x000000000800607a       0x44 zephyr/drivers/spi/libdrivers__spi.a(spi_ll_stm32.c.obj)
 .text.spi_context_unlock_unconditionally
                0x00000000080060be       0x20 zephyr/drivers/spi/libdrivers__spi.a(spi_ll_stm32.c.obj)
 .text.spi_stm32_release
                0x00000000080060de        0xc zephyr/drivers/spi/libdrivers__spi.a(spi_ll_stm32.c.obj)
 .text.spi_stm32_complete
                0x00000000080060ea       0x6a zephyr/drivers/spi/libdrivers__spi.a(spi_ll_stm32.c.obj)
 .text.spi_stm32_isr
                0x0000000008006154      0x204 zephyr/drivers/spi/libdrivers__spi.a(spi_ll_stm32.c.obj)
 .text.LL_USART_ClearFlag_PE
                0x0000000008006358       0x12 zephyr/drivers/serial/libdrivers__serial.a(uart_stm32.c.obj)
 .text.uart_stm32_poll_in
                0x000000000800636a       0x22 zephyr/drivers/serial/libdrivers__serial.a(uart_stm32.c.obj)
 .text.uart_stm32_poll_out
                0x000000000800638c       0x3a zephyr/drivers/serial/libdrivers__serial.a(uart_stm32.c.obj)
 .text.uart_stm32_err_check
                0x00000000080063c6       0x52 zephyr/drivers/serial/libdrivers__serial.a(uart_stm32.c.obj)
 .text.uart_stm32_fifo_fill
                0x0000000008006418       0x48 zephyr/drivers/serial/libdrivers__serial.a(uart_stm32.c.obj)
 .text.uart_stm32_fifo_read
                0x0000000008006460       0x2a zephyr/drivers/serial/libdrivers__serial.a(uart_stm32.c.obj)
 .text.uart_stm32_irq_tx_enable
                0x000000000800648a       0x1e zephyr/drivers/serial/libdrivers__serial.a(uart_stm32.c.obj)
 .text.uart_stm32_irq_tx_disable
                0x00000000080064a8       0x1e zephyr/drivers/serial/libdrivers__serial.a(uart_stm32.c.obj)
 .text.uart_stm32_irq_tx_ready
                0x00000000080064c6       0x14 zephyr/drivers/serial/libdrivers__serial.a(uart_stm32.c.obj)
 .text.uart_stm32_irq_tx_complete
                0x00000000080064da        0xc zephyr/drivers/serial/libdrivers__serial.a(uart_stm32.c.obj)
 .text.uart_stm32_irq_rx_enable
                0x00000000080064e6       0x1e zephyr/drivers/serial/libdrivers__serial.a(uart_stm32.c.obj)
 .text.uart_stm32_irq_rx_disable
                0x0000000008006504       0x1e zephyr/drivers/serial/libdrivers__serial.a(uart_stm32.c.obj)
 .text.uart_stm32_irq_rx_ready
                0x0000000008006522        0xc zephyr/drivers/serial/libdrivers__serial.a(uart_stm32.c.obj)
 .text.uart_stm32_irq_is_pending
                0x000000000800652e       0x24 zephyr/drivers/serial/libdrivers__serial.a(uart_stm32.c.obj)
 .text.uart_stm32_irq_update
                0x0000000008006552        0x4 zephyr/drivers/serial/libdrivers__serial.a(uart_stm32.c.obj)
 .text.uart_stm32_irq_callback_set
                0x0000000008006556        0x8 zephyr/drivers/serial/libdrivers__serial.a(uart_stm32.c.obj)
 .text.uart_stm32_isr
                0x000000000800655e        0xc zephyr/drivers/serial/libdrivers__serial.a(uart_stm32.c.obj)
 .text.uart_stm32_irq_config_func_0
                0x000000000800656a       0x16 zephyr/drivers/serial/libdrivers__serial.a(uart_stm32.c.obj)
 .text.uart_stm32_set_baudrate
                0x0000000008006580       0x54 zephyr/drivers/serial/libdrivers__serial.a(uart_stm32.c.obj)
 .text.uart_stm32_config_get
                0x00000000080065d4       0x8c zephyr/drivers/serial/libdrivers__serial.a(uart_stm32.c.obj)
 .text.pinctrl_lookup_state
                0x0000000008006660       0x2c zephyr/drivers/pinctrl/libdrivers__pinctrl.a(common.c.obj)
                0x0000000008006660                pinctrl_lookup_state
 .text.HAL_PCD_MspInit
                0x000000000800668c        0x2 modules/stm32/stm32cube/lib..__modules__hal__stm32__stm32cube.a(stm32f4xx_hal_pcd.c.obj)
                0x000000000800668c                HAL_PCD_MspInit
 .text.HAL_PCD_Init
                0x000000000800668e      0x104 modules/stm32/stm32cube/lib..__modules__hal__stm32__stm32cube.a(stm32f4xx_hal_pcd.c.obj)
                0x000000000800668e                HAL_PCD_Init
 .text.HAL_PCD_Start
                0x0000000008006792       0x40 modules/stm32/stm32cube/lib..__modules__hal__stm32__stm32cube.a(stm32f4xx_hal_pcd.c.obj)
                0x0000000008006792                HAL_PCD_Start
 .text.HAL_PCD_Stop
                0x00000000080067d2       0x48 modules/stm32/stm32cube/lib..__modules__hal__stm32__stm32cube.a(stm32f4xx_hal_pcd.c.obj)
                0x00000000080067d2                HAL_PCD_Stop
 .text.HAL_PCD_SOFCallback
                0x000000000800681a        0x2 modules/stm32/stm32cube/lib..__modules__hal__stm32__stm32cube.a(stm32f4xx_hal_pcd.c.obj)
                0x000000000800681a                HAL_PCD_SOFCallback
 .text.HAL_PCD_ISOOUTIncompleteCallback
                0x000000000800681c        0x2 modules/stm32/stm32cube/lib..__modules__hal__stm32__stm32cube.a(stm32f4xx_hal_pcd.c.obj)
                0x000000000800681c                HAL_PCD_ISOOUTIncompleteCallback
 .text.HAL_PCD_ISOINIncompleteCallback
                0x000000000800681e        0x2 modules/stm32/stm32cube/lib..__modules__hal__stm32__stm32cube.a(stm32f4xx_hal_pcd.c.obj)
                0x000000000800681e                HAL_PCD_ISOINIncompleteCallback
 .text.HAL_PCD_SetAddress
                0x0000000008006820       0x28 modules/stm32/stm32cube/lib..__modules__hal__stm32__stm32cube.a(stm32f4xx_hal_pcd.c.obj)
                0x0000000008006820                HAL_PCD_SetAddress
 .text.HAL_PCD_EP_Open
                0x0000000008006848       0x70 modules/stm32/stm32cube/lib..__modules__hal__stm32__stm32cube.a(stm32f4xx_hal_pcd.c.obj)
                0x0000000008006848                HAL_PCD_EP_Open
 .text.HAL_PCD_EP_Close
                0x00000000080068b8       0x5e modules/stm32/stm32cube/lib..__modules__hal__stm32__stm32cube.a(stm32f4xx_hal_pcd.c.obj)
                0x00000000080068b8                HAL_PCD_EP_Close
 .text.HAL_PCD_EP_Receive
                0x0000000008006916       0x48 modules/stm32/stm32cube/lib..__modules__hal__stm32__stm32cube.a(stm32f4xx_hal_pcd.c.obj)
                0x0000000008006916                HAL_PCD_EP_Receive
 .text.HAL_PCD_EP_GetRxCount
                0x000000000800695e       0x10 modules/stm32/stm32cube/lib..__modules__hal__stm32__stm32cube.a(stm32f4xx_hal_pcd.c.obj)
                0x000000000800695e                HAL_PCD_EP_GetRxCount
 .text.HAL_PCD_EP_Transmit
                0x000000000800696e       0x40 modules/stm32/stm32cube/lib..__modules__hal__stm32__stm32cube.a(stm32f4xx_hal_pcd.c.obj)
                0x000000000800696e                HAL_PCD_EP_Transmit
 .text.HAL_PCD_EP_SetStall
                0x00000000080069ae       0x70 modules/stm32/stm32cube/lib..__modules__hal__stm32__stm32cube.a(stm32f4xx_hal_pcd.c.obj)
                0x00000000080069ae                HAL_PCD_EP_SetStall
 .text.HAL_PCD_EP_ClrStall
                0x0000000008006a1e       0x6c modules/stm32/stm32cube/lib..__modules__hal__stm32__stm32cube.a(stm32f4xx_hal_pcd.c.obj)
                0x0000000008006a1e                HAL_PCD_EP_ClrStall
 .text.HAL_PCD_EP_Abort
                0x0000000008006a8a       0x20 modules/stm32/stm32cube/lib..__modules__hal__stm32__stm32cube.a(stm32f4xx_hal_pcd.c.obj)
                0x0000000008006a8a                HAL_PCD_EP_Abort
 .text.HAL_PCDEx_SetTxFiFo
                0x0000000008006aaa       0x3e modules/stm32/stm32cube/lib..__modules__hal__stm32__stm32cube.a(stm32f4xx_hal_pcd_ex.c.obj)
                0x0000000008006aaa                HAL_PCDEx_SetTxFiFo
 .text.HAL_PCDEx_SetRxFiFo
                0x0000000008006ae8        0x8 modules/stm32/stm32cube/lib..__modules__hal__stm32__stm32cube.a(stm32f4xx_hal_pcd_ex.c.obj)
                0x0000000008006ae8                HAL_PCDEx_SetRxFiFo
 .text.HAL_PCDEx_LPM_Callback
                0x0000000008006af0        0x2 modules/stm32/stm32cube/lib..__modules__hal__stm32__stm32cube.a(stm32f4xx_hal_pcd_ex.c.obj)
                0x0000000008006af0                HAL_PCDEx_LPM_Callback
 .text.USB_CoreInit
                0x0000000008006af2       0x80 modules/stm32/stm32cube/lib..__modules__hal__stm32__stm32cube.a(stm32f4xx_ll_usb.c.obj)
                0x0000000008006af2                USB_CoreInit
 .text.USB_EnableGlobalInt
                0x0000000008006b72        0xc modules/stm32/stm32cube/lib..__modules__hal__stm32__stm32cube.a(stm32f4xx_ll_usb.c.obj)
                0x0000000008006b72                USB_EnableGlobalInt
 .text.USB_DisableGlobalInt
                0x0000000008006b7e        0xc modules/stm32/stm32cube/lib..__modules__hal__stm32__stm32cube.a(stm32f4xx_ll_usb.c.obj)
                0x0000000008006b7e                USB_DisableGlobalInt
 .text.USB_SetCurrentMode
                0x0000000008006b8a       0x60 modules/stm32/stm32cube/lib..__modules__hal__stm32__stm32cube.a(stm32f4xx_ll_usb.c.obj)
                0x0000000008006b8a                USB_SetCurrentMode
 .text.USB_SetDevSpeed
                0x0000000008006bea        0xe modules/stm32/stm32cube/lib..__modules__hal__stm32__stm32cube.a(stm32f4xx_ll_usb.c.obj)
                0x0000000008006bea                USB_SetDevSpeed
 .text.USB_GetDevSpeed
                0x0000000008006bf8       0x16 modules/stm32/stm32cube/lib..__modules__hal__stm32__stm32cube.a(stm32f4xx_ll_usb.c.obj)
                0x0000000008006bf8                USB_GetDevSpeed
 .text.USB_ActivateEndpoint
                0x0000000008006c0e       0x7e modules/stm32/stm32cube/lib..__modules__hal__stm32__stm32cube.a(stm32f4xx_ll_usb.c.obj)
                0x0000000008006c0e                USB_ActivateEndpoint
 .text.USB_EPStopXfer
                0x0000000008006c8c       0x9c modules/stm32/stm32cube/lib..__modules__hal__stm32__stm32cube.a(stm32f4xx_ll_usb.c.obj)
                0x0000000008006c8c                USB_EPStopXfer
 .text.USB_WritePacket
                0x0000000008006d28       0x26 modules/stm32/stm32cube/lib..__modules__hal__stm32__stm32cube.a(stm32f4xx_ll_usb.c.obj)
                0x0000000008006d28                USB_WritePacket
 .text.USB_ReadPacket
                0x0000000008006d4e       0x40 modules/stm32/stm32cube/lib..__modules__hal__stm32__stm32cube.a(stm32f4xx_ll_usb.c.obj)
                0x0000000008006d4e                USB_ReadPacket
 .text.USB_EPSetStall
                0x0000000008006d8e       0x56 modules/stm32/stm32cube/lib..__modules__hal__stm32__stm32cube.a(stm32f4xx_ll_usb.c.obj)
                0x0000000008006d8e                USB_EPSetStall
 .text.USB_EPClearStall
                0x0000000008006de4       0x52 modules/stm32/stm32cube/lib..__modules__hal__stm32__stm32cube.a(stm32f4xx_ll_usb.c.obj)
                0x0000000008006de4                USB_EPClearStall
 .text.USB_SetDevAddress
                0x0000000008006e36       0x20 modules/stm32/stm32cube/lib..__modules__hal__stm32__stm32cube.a(stm32f4xx_ll_usb.c.obj)
                0x0000000008006e36                USB_SetDevAddress
 .text.USB_DevConnect
                0x0000000008006e56       0x1c modules/stm32/stm32cube/lib..__modules__hal__stm32__stm32cube.a(stm32f4xx_ll_usb.c.obj)
                0x0000000008006e56                USB_DevConnect
 .text.USB_DevDisconnect
                0x0000000008006e72       0x1c modules/stm32/stm32cube/lib..__modules__hal__stm32__stm32cube.a(stm32f4xx_ll_usb.c.obj)
                0x0000000008006e72                USB_DevDisconnect
 .text.USB_ReadInterrupts
                0x0000000008006e8e        0x8 modules/stm32/stm32cube/lib..__modules__hal__stm32__stm32cube.a(stm32f4xx_ll_usb.c.obj)
                0x0000000008006e8e                USB_ReadInterrupts
 .text.USB_ReadDevAllOutEpInterrupt
                0x0000000008006e96       0x10 modules/stm32/stm32cube/lib..__modules__hal__stm32__stm32cube.a(stm32f4xx_ll_usb.c.obj)
                0x0000000008006e96                USB_ReadDevAllOutEpInterrupt
 .text.USB_ReadDevAllInEpInterrupt
                0x0000000008006ea6       0x10 modules/stm32/stm32cube/lib..__modules__hal__stm32__stm32cube.a(stm32f4xx_ll_usb.c.obj)
                0x0000000008006ea6                USB_ReadDevAllInEpInterrupt
 .text.USB_ReadDevOutEPInterrupt
                0x0000000008006eb6       0x12 modules/stm32/stm32cube/lib..__modules__hal__stm32__stm32cube.a(stm32f4xx_ll_usb.c.obj)
                0x0000000008006eb6                USB_ReadDevOutEPInterrupt
 .text.USB_ReadDevInEPInterrupt
                0x0000000008006ec8       0x22 modules/stm32/stm32cube/lib..__modules__hal__stm32__stm32cube.a(stm32f4xx_ll_usb.c.obj)
                0x0000000008006ec8                USB_ReadDevInEPInterrupt
 .text.USB_GetMode
                0x0000000008006eea        0x8 modules/stm32/stm32cube/lib..__modules__hal__stm32__stm32cube.a(stm32f4xx_ll_usb.c.obj)
                0x0000000008006eea                USB_GetMode
 .text.USB_ActivateSetup
                0x0000000008006ef2       0x20 modules/stm32/stm32cube/lib..__modules__hal__stm32__stm32cube.a(stm32f4xx_ll_usb.c.obj)
                0x0000000008006ef2                USB_ActivateSetup
 .text.z_device_state_init
                0x0000000008006f12        0x2 zephyr/kernel/libkernel.a(device.c.obj)
                0x0000000008006f12                z_device_state_init
 .text.z_device_is_ready
                0x0000000008006f14       0x16 zephyr/kernel/libkernel.a(device.c.obj)
                0x0000000008006f14                z_device_is_ready
 .text.arch_system_halt
                0x0000000008006f2a       0x12 zephyr/kernel/libkernel.a(fatal.c.obj)
                0x0000000008006f2a                arch_system_halt
 .text.k_sys_fatal_error_handler
                0x0000000008006f3c        0x6 zephyr/kernel/libkernel.a(fatal.c.obj)
                0x0000000008006f3c                k_sys_fatal_error_handler
 .text.z_fatal_error
                0x0000000008006f42       0x36 zephyr/kernel/libkernel.a(fatal.c.obj)
                0x0000000008006f42                z_fatal_error
 .text.z_early_memset
                0x0000000008006f78        0x4 zephyr/kernel/libkernel.a(init.c.obj)
                0x0000000008006f78                z_early_memset
 .text.z_early_memcpy
                0x0000000008006f7c        0x4 zephyr/kernel/libkernel.a(init.c.obj)
                0x0000000008006f7c                z_early_memcpy
 .text.k_is_in_isr
                0x0000000008006f80        0xc zephyr/kernel/libkernel.a(thread.c.obj)
                0x0000000008006f80                k_is_in_isr
 .text.z_impl_k_thread_name_set
                0x0000000008006f8c        0x6 zephyr/kernel/libkernel.a(thread.c.obj)
                0x0000000008006f8c                z_impl_k_thread_name_set
 .text.z_impl_k_thread_start
                0x0000000008006f92        0x4 zephyr/kernel/libkernel.a(thread.c.obj)
                0x0000000008006f92                z_impl_k_thread_start
 .text.idle     0x0000000008006f96       0x18 zephyr/kernel/libkernel.a(idle.c.obj)
                0x0000000008006f96                idle
 .text.adjust_owner_prio.isra.0
                0x0000000008006fae       0x10 zephyr/kernel/libkernel.a(mutex.c.obj)
 .text.z_impl_k_sem_init
                0x0000000008006fbe       0x18 zephyr/kernel/libkernel.a(sem.c.obj)
                0x0000000008006fbe                z_impl_k_sem_init
 .text.flag_test_and_clear
                0x0000000008006fd6       0x16 zephyr/kernel/libkernel.a(work.c.obj)
 .text.notify_queue_locked.isra.0
                0x0000000008006fec        0xe zephyr/kernel/libkernel.a(work.c.obj)
 .text.k_work_init
                0x0000000008006ffa       0x12 zephyr/kernel/libkernel.a(work.c.obj)
                0x0000000008006ffa                k_work_init
 .text.z_work_submit_to_queue
                0x000000000800700c       0x28 zephyr/kernel/libkernel.a(work.c.obj)
                0x000000000800700c                z_work_submit_to_queue
 .text.k_work_submit_to_queue
                0x0000000008007034       0x22 zephyr/kernel/libkernel.a(work.c.obj)
                0x0000000008007034                k_work_submit_to_queue
 .text.sys_dlist_remove
                0x0000000008007056       0x10 zephyr/kernel/libkernel.a(sched.c.obj)
 .text.unpend_thread_no_timeout
                0x0000000008007066       0x14 zephyr/kernel/libkernel.a(sched.c.obj)
 .text.z_thread_timeout
                0x000000000800707a       0x44 zephyr/kernel/libkernel.a(sched.c.obj)
                0x000000000800707a                z_thread_timeout
 .text.add_to_waitq_locked
                0x00000000080070be       0x50 zephyr/kernel/libkernel.a(sched.c.obj)
 .text.z_ready_thread
                0x000000000800710e       0x20 zephyr/kernel/libkernel.a(sched.c.obj)
                0x000000000800710e                z_ready_thread
 .text.z_unpend_first_thread
                0x000000000800712e       0x38 zephyr/kernel/libkernel.a(sched.c.obj)
                0x000000000800712e                z_unpend_first_thread
 .text.z_reschedule_irqlock
                0x0000000008007166       0x18 zephyr/kernel/libkernel.a(sched.c.obj)
                0x0000000008007166                z_reschedule_irqlock
 .text.z_reschedule_unlocked
                0x000000000800717e       0x14 zephyr/kernel/libkernel.a(sched.c.obj)
 .text.z_sched_wake
                0x0000000008007192       0x46 zephyr/kernel/libkernel.a(sched.c.obj)
                0x0000000008007192                z_sched_wake
 .text.z_abort_timeout
                0x00000000080071d8       0x2c zephyr/kernel/libkernel.a(timeout.c.obj)
                0x00000000080071d8                z_abort_timeout
 .text.z_set_timeout_expiry
                0x0000000008007204       0x38 zephyr/kernel/libkernel.a(timeout.c.obj)
                0x0000000008007204                z_set_timeout_expiry
 .text.sys_clock_tick_get_32
                0x000000000800723c        0x8 zephyr/kernel/libkernel.a(timeout.c.obj)
                0x000000000800723c                sys_clock_tick_get_32
 *(SORT_BY_ALIGNMENT(.TEXT.*))
 *(SORT_BY_ALIGNMENT(.gnu.linkonce.t.*))
 *(SORT_BY_ALIGNMENT(.glue_7t))
 .glue_7t       0x0000000008007244        0x0 linker stubs
 *(SORT_BY_ALIGNMENT(.glue_7))
 .glue_7        0x0000000008007244        0x0 linker stubs
 *(SORT_BY_ALIGNMENT(.vfp11_veneer))
 .vfp11_veneer  0x0000000008007244        0x0 linker stubs
 *(SORT_BY_ALIGNMENT(.v4_bx))
 .v4_bx         0x0000000008007244        0x0 linker stubs
                0x0000000008007244                . = ALIGN (0x4)
                0x0000000008007244                __text_region_end = .

.ARM.exidx      0x0000000008007244        0x8
                0x0000000008007244                __exidx_start = .
 *(SORT_BY_ALIGNMENT(.ARM.exidx*) SORT_BY_ALIGNMENT(gnu.linkonce.armexidx.*))
 .ARM.exidx     0x0000000008007244        0x8 /mnt/d/code/zephyr-sdk-0.15.1/arm-zephyr-eabi/bin/../lib/gcc/arm-zephyr-eabi/12.1.0/thumb/v7e-m/nofp/libgcc.a(_udivmoddi4.o)
                0x000000000800724c                __exidx_end = .
                0x000000000800724c                __rodata_region_start = .

initlevel       0x000000000800724c       0xa0
                0x000000000800724c                __init_start = .
                0x000000000800724c                __init_EARLY_start = .
 *(SORT_BY_NAME(SORT_BY_ALIGNMENT(.z_init_EARLY[0-9]_*)))
 *(SORT_BY_NAME(SORT_BY_ALIGNMENT(.z_init_EARLY[1-9][0-9]_*)))
                0x000000000800724c                __init_PRE_KERNEL_1_start = .
 *(SORT_BY_NAME(SORT_BY_ALIGNMENT(.z_init_PRE_KERNEL_1[0-9]_*)))
 .z_init_PRE_KERNEL_10_
                0x000000000800724c        0x8 zephyr/libzephyr.a(soc.c.obj)
 .z_init_PRE_KERNEL_11_
                0x0000000008007254        0x8 zephyr/libzephyr.a(soc_config.c.obj)
 .z_init_PRE_KERNEL_11_
                0x000000000800725c        0x8 zephyr/drivers/clock_control/libdrivers__clock_control.a(clock_stm32_ll_common.c.obj)
 *(SORT_BY_NAME(SORT_BY_ALIGNMENT(.z_init_PRE_KERNEL_1[1-9][0-9]_*)))
 .z_init_PRE_KERNEL_140_
                0x0000000008007264        0x8 zephyr/drivers/interrupt_controller/libdrivers__interrupt_controller.a(intc_exti_stm32.c.obj)
 .z_init_PRE_KERNEL_140_
                0x000000000800726c       0x40 zephyr/drivers/gpio/libdrivers__gpio.a(gpio_stm32.c.obj)
 .z_init_PRE_KERNEL_155_
                0x00000000080072ac        0x8 zephyr/libzephyr.a(cdc_acm.c.obj)
 .z_init_PRE_KERNEL_155_
                0x00000000080072b4        0x8 zephyr/drivers/serial/libdrivers__serial.a(uart_stm32.c.obj)
 .z_init_PRE_KERNEL_160_
                0x00000000080072bc        0x8 zephyr/drivers/console/libdrivers__console.a(uart_console.c.obj)
                0x00000000080072c4                __init_PRE_KERNEL_2_start = .
 *(SORT_BY_NAME(SORT_BY_ALIGNMENT(.z_init_PRE_KERNEL_2[0-9]_*)))
 .z_init_PRE_KERNEL_20_
                0x00000000080072c4        0x8 zephyr/drivers/timer/libdrivers__timer.a(cortex_m_systick.c.obj)
 *(SORT_BY_NAME(SORT_BY_ALIGNMENT(.z_init_PRE_KERNEL_2[1-9][0-9]_*)))
                0x00000000080072cc                __init_POST_KERNEL_start = .
 *(SORT_BY_NAME(SORT_BY_ALIGNMENT(.z_init_POST_KERNEL[0-9]_*)))
 *(SORT_BY_NAME(SORT_BY_ALIGNMENT(.z_init_POST_KERNEL[1-9][0-9]_*)))
 .z_init_POST_KERNEL40_
                0x00000000080072cc        0x8 zephyr/libzephyr.a(usb_work_q.c.obj)
 .z_init_POST_KERNEL40_
                0x00000000080072d4        0x8 zephyr/kernel/libkernel.a(system_work_q.c.obj)
 .z_init_POST_KERNEL70_
                0x00000000080072dc        0x8 zephyr/drivers/spi/libdrivers__spi.a(spi_ll_stm32.c.obj)
 .z_init_POST_KERNEL90_
                0x00000000080072e4        0x8 zephyr/libzephyr.a(usb_device.c.obj)
                0x00000000080072ec                __init_APPLICATION_start = .
 *(SORT_BY_NAME(SORT_BY_ALIGNMENT(.z_init_APPLICATION[0-9]_*)))
 *(SORT_BY_NAME(SORT_BY_ALIGNMENT(.z_init_APPLICATION[1-9][0-9]_*)))
                0x00000000080072ec                __init_SMP_start = .
 *(SORT_BY_NAME(SORT_BY_ALIGNMENT(.z_init_SMP[0-9]_*)))
 *(SORT_BY_NAME(SORT_BY_ALIGNMENT(.z_init_SMP[1-9][0-9]_*)))
                0x00000000080072ec                __init_end = .

devices         0x00000000080072ec      0x138
                0x00000000080072ec                __device_start = .
                0x00000000080072ec                __device_EARLY_start = .
 *(SORT_BY_NAME(SORT_BY_ALIGNMENT(.z_device_EARLY[0-9]_*)))
 *(SORT_BY_NAME(SORT_BY_ALIGNMENT(.z_device_EARLY[1-9][0-9]_*)))
                0x00000000080072ec                __device_PRE_KERNEL_1_start = .
 *(SORT_BY_NAME(SORT_BY_ALIGNMENT(.z_device_PRE_KERNEL_1[0-9]_*)))
 .z_device_PRE_KERNEL_11_
                0x00000000080072ec       0x18 zephyr/drivers/clock_control/libdrivers__clock_control.a(clock_stm32_ll_common.c.obj)
                0x00000000080072ec                __device_dts_ord_8
 *(SORT_BY_NAME(SORT_BY_ALIGNMENT(.z_device_PRE_KERNEL_1[1-9][0-9]_*)))
 .z_device_PRE_KERNEL_140_
                0x0000000008007304       0x18 zephyr/drivers/interrupt_controller/libdrivers__interrupt_controller.a(intc_exti_stm32.c.obj)
                0x0000000008007304                __device_dts_ord_31
 .z_device_PRE_KERNEL_140_
                0x000000000800731c       0xc0 zephyr/drivers/gpio/libdrivers__gpio.a(gpio_stm32.c.obj)
                0x000000000800731c                __device_dts_ord_57
                0x0000000008007334                __device_dts_ord_56
                0x000000000800734c                __device_dts_ord_55
                0x0000000008007364                __device_dts_ord_54
                0x000000000800737c                __device_dts_ord_53
                0x0000000008007394                __device_dts_ord_52
                0x00000000080073ac                __device_dts_ord_19
                0x00000000080073c4                __device_dts_ord_22
 .z_device_PRE_KERNEL_155_
                0x00000000080073dc       0x18 zephyr/libzephyr.a(cdc_acm.c.obj)
                0x00000000080073dc                __device_dts_ord_96
 .z_device_PRE_KERNEL_155_
                0x00000000080073f4       0x18 zephyr/drivers/serial/libdrivers__serial.a(uart_stm32.c.obj)
                0x00000000080073f4                __device_dts_ord_37
                0x000000000800740c                __device_PRE_KERNEL_2_start = .
 *(SORT_BY_NAME(SORT_BY_ALIGNMENT(.z_device_PRE_KERNEL_2[0-9]_*)))
 *(SORT_BY_NAME(SORT_BY_ALIGNMENT(.z_device_PRE_KERNEL_2[1-9][0-9]_*)))
                0x000000000800740c                __device_POST_KERNEL_start = .
 *(SORT_BY_NAME(SORT_BY_ALIGNMENT(.z_device_POST_KERNEL[0-9]_*)))
 *(SORT_BY_NAME(SORT_BY_ALIGNMENT(.z_device_POST_KERNEL[1-9][0-9]_*)))
 .z_device_POST_KERNEL70_
                0x000000000800740c       0x18 zephyr/drivers/spi/libdrivers__spi.a(spi_ll_stm32.c.obj)
                0x000000000800740c                __device_dts_ord_62
                0x0000000008007424                __device_APPLICATION_start = .
 *(SORT_BY_NAME(SORT_BY_ALIGNMENT(.z_device_APPLICATION[0-9]_*)))
 *(SORT_BY_NAME(SORT_BY_ALIGNMENT(.z_device_APPLICATION[1-9][0-9]_*)))
                0x0000000008007424                __device_SMP_start = .
 *(SORT_BY_NAME(SORT_BY_ALIGNMENT(.z_device_SMP[0-9]_*)))
 *(SORT_BY_NAME(SORT_BY_ALIGNMENT(.z_device_SMP[1-9][0-9]_*)))
                0x0000000008007424                __device_end = .

sw_isr_table    0x0000000008007424      0x2a8
                0x0000000008007424                . = ALIGN (0x4)
 *(SORT_BY_ALIGNMENT(.gnu.linkonce.sw_isr_table*))
 .gnu.linkonce.sw_isr_table
                0x0000000008007424      0x2a8 zephyr/CMakeFiles/zephyr_final.dir/isr_tables.c.obj
                0x0000000008007424                _sw_isr_table

initlevel_error
                0x000000000800724c        0x0
 *(SORT_BY_NAME(SORT_BY_ALIGNMENT(.z_init_[_A-Z0-9]*)))
                0x0000000000000001                ASSERT ((SIZEOF (initlevel_error) == 0x0), Undefined initialization levels used.)

app_shmem_regions
                0x00000000080076cc        0x0
                0x00000000080076cc                __app_shmem_regions_start = .
 *(SORT_BY_NAME(SORT_BY_ALIGNMENT(.app_regions.*)))
                0x00000000080076cc                __app_shmem_regions_end = .

k_p4wq_initparam_area
                0x00000000080076cc        0x0
                0x00000000080076cc                _k_p4wq_initparam_list_start = .
 *(SORT_BY_NAME(SORT_BY_ALIGNMENT(._k_p4wq_initparam.static.*)))
                0x00000000080076cc                _k_p4wq_initparam_list_end = .

_static_thread_data_area
                0x00000000080076cc        0x0
                0x00000000080076cc                __static_thread_data_list_start = .
 *(SORT_BY_NAME(SORT_BY_ALIGNMENT(.__static_thread_data.static.*)))
                0x00000000080076cc                __static_thread_data_list_end = .

device_handles  0x00000000080076cc       0x7a
                0x00000000080076cc                __device_handles_start = .
 *(SORT_BY_NAME(SORT_BY_ALIGNMENT(.__device_handles_pass2*)))
 .__device_handles_pass2
                0x00000000080076cc       0x7a zephyr/CMakeFiles/zephyr_final.dir/dev_handles.c.obj
                0x00000000080076cc                __devicehdl_dts_ord_62
                0x00000000080076d4                __devicehdl_dts_ord_37
                0x00000000080076dc                __devicehdl_dts_ord_96
                0x00000000080076e4                __devicehdl_dts_ord_22
                0x00000000080076ec                __devicehdl_dts_ord_19
                0x00000000080076f4                __devicehdl_dts_ord_52
                0x00000000080076fc                __devicehdl_dts_ord_53
                0x0000000008007704                __devicehdl_dts_ord_54
                0x000000000800770c                __devicehdl_dts_ord_55
                0x0000000008007714                __devicehdl_dts_ord_56
                0x000000000800771c                __devicehdl_dts_ord_57
                0x0000000008007724                __devicehdl_dts_ord_31
                0x000000000800772a                __devicehdl_dts_ord_8
                0x0000000008007746                __device_handles_end = .

ztest           0x0000000008007746        0x0
                0x0000000008007746                _ztest_expected_result_entry_list_start = .
 *(SORT_BY_NAME(SORT_BY_ALIGNMENT(._ztest_expected_result_entry.static.*)))
                0x0000000008007746                _ztest_expected_result_entry_list_end = .
                0x0000000008007746                _ztest_suite_node_list_start = .
 *(SORT_BY_NAME(SORT_BY_ALIGNMENT(._ztest_suite_node.static.*)))
                0x0000000008007746                _ztest_suite_node_list_end = .
                0x0000000008007746                _ztest_unit_test_list_start = .
 *(SORT_BY_NAME(SORT_BY_ALIGNMENT(._ztest_unit_test.static.*)))
                0x0000000008007746                _ztest_unit_test_list_end = .
                0x0000000008007746                _ztest_test_rule_list_start = .
 *(SORT_BY_NAME(SORT_BY_ALIGNMENT(._ztest_test_rule.static.*)))
                0x0000000008007746                _ztest_test_rule_list_end = .

bt_l2cap_fixed_chan_area
                0x0000000008007746        0x0
                0x0000000008007746                _bt_l2cap_fixed_chan_list_start = .
 *(SORT_BY_NAME(SORT_BY_ALIGNMENT(._bt_l2cap_fixed_chan.static.*)))
                0x0000000008007746                _bt_l2cap_fixed_chan_list_end = .

bt_gatt_service_static_area
                0x0000000008007746        0x0
                0x0000000008007746                _bt_gatt_service_static_list_start = .
 *(SORT_BY_NAME(SORT_BY_ALIGNMENT(._bt_gatt_service_static.static.*)))
                0x0000000008007746                _bt_gatt_service_static_list_end = .

log_strings_sections
                0x0000000008007746        0x0
                0x0000000008007746                __log_strings_start = .
 *(SORT_BY_NAME(SORT_BY_ALIGNMENT(.log_strings*)))
                0x0000000008007746                __log_strings_end = .

log_const_sections
                0x0000000008007746        0x0
                0x0000000008007746                __log_const_start = .
 *(SORT_BY_NAME(SORT_BY_ALIGNMENT(.log_const_*)))
                0x0000000008007746                __log_const_end = .

log_backend_area
                0x0000000008007746        0x0
                0x0000000008007746                _log_backend_list_start = .
 *(SORT_BY_NAME(SORT_BY_ALIGNMENT(._log_backend.static.*)))
                0x0000000008007746                _log_backend_list_end = .

log_link_area   0x0000000008007746        0x0
                0x0000000008007746                _log_link_list_start = .
 *(SORT_BY_NAME(SORT_BY_ALIGNMENT(._log_link.static.*)))
                0x0000000008007746                _log_link_list_end = .

tracing_backend_area
                0x0000000008007746        0x0
                0x0000000008007746                _tracing_backend_list_start = .
 *(SORT_BY_NAME(SORT_BY_ALIGNMENT(._tracing_backend.static.*)))
                0x0000000008007746                _tracing_backend_list_end = .

zephyr_dbg_info
 *(SORT_BY_ALIGNMENT(.dbg_thread_info))

symbol_to_keep  0x0000000008007746        0x0
                0x0000000008007746                __symbol_to_keep_start = .
 *(SORT_BY_NAME(SORT_BY_ALIGNMENT(.symbol_to_keep*)))
                0x0000000008007746                __symbol_to_keep_end = .

shell_area      0x0000000008007746        0x0
                0x0000000008007746                _shell_list_start = .
 *(SORT_BY_NAME(SORT_BY_ALIGNMENT(._shell.static.*)))
                0x0000000008007746                _shell_list_end = .

shell_root_cmds_sections
                0x0000000008007746        0x0
                0x0000000008007746                __shell_root_cmds_start = .
 *(SORT_BY_NAME(SORT_BY_ALIGNMENT(.shell_root_cmd_*)))
                0x0000000008007746                __shell_root_cmds_end = .

shell_subcmds_sections
                0x0000000008007746        0x0
                0x0000000008007746                __shell_subcmds_start = .
 *(SORT_BY_NAME(SORT_BY_ALIGNMENT(.shell_subcmd_*)))
                0x0000000008007746                __shell_subcmds_end = .

shell_dynamic_subcmds_sections
                0x0000000008007746        0x0
                0x0000000008007746                __shell_dynamic_subcmds_start = .
 *(SORT_BY_NAME(SORT_BY_ALIGNMENT(.shell_dynamic_subcmd_*)))
                0x0000000008007746                __shell_dynamic_subcmds_end = .

font_entry_sections
                0x0000000008007746        0x0
                0x0000000008007746                __font_entry_start = .
 *(SORT_BY_NAME(SORT_BY_ALIGNMENT(._cfb_font.*)))
                0x0000000008007746                __font_entry_end = .

rodata          0x0000000008007748      0x47c
 *(SORT_BY_ALIGNMENT(.rodata))
 .rodata        0x0000000008007748        0x8 zephyr/drivers/usb/device/libdrivers__usb__device.a(usb_dc_stm32.c.obj)
 .rodata        0x0000000008007750        0x8 zephyr/drivers/gpio/libdrivers__gpio.a(gpio_stm32.c.obj)
 .rodata        0x0000000008007758       0x20 zephyr/drivers/spi/libdrivers__spi.a(spi_ll_stm32.c.obj)
 .rodata        0x0000000008007778        0x7 zephyr/libzephyr.a(cdc_acm.c.obj)
 *(SORT_BY_ALIGNMENT(.rodata.*))
 *fill*         0x000000000800777f        0x1 
 .rodata.cdc_acm_driver_api
                0x0000000008007780       0x54 zephyr/libzephyr.a(cdc_acm.c.obj)
 .rodata.static_regions
                0x00000000080077d4        0xc zephyr/arch/arch/arm/core/aarch32/mpu/libarch__arm__core__aarch32__mpu.a(arm_core_mpu.c.obj)
 .rodata.mpu_config
                0x00000000080077e0        0x8 zephyr/soc/arm/common/cortex_m/libsoc__arm__common__cortex_m.a(arm_mpu_regions.c.obj)
                0x00000000080077e0                mpu_config
 .rodata.mpu_regions
                0x00000000080077e8       0x18 zephyr/soc/arm/common/cortex_m/libsoc__arm__common__cortex_m.a(arm_mpu_regions.c.obj)
 .rodata.__pinctrl_dev_config__device_dts_ord_95
                0x0000000008007800        0x8 zephyr/drivers/usb/device/libdrivers__usb__device.a(usb_dc_stm32.c.obj)
 .rodata.__pinctrl_states__device_dts_ord_95
                0x0000000008007808        0x8 zephyr/drivers/usb/device/libdrivers__usb__device.a(usb_dc_stm32.c.obj)
 .rodata.__pinctrl_state_pins_0__device_dts_ord_95
                0x0000000008007810       0x10 zephyr/drivers/usb/device/libdrivers__usb__device.a(usb_dc_stm32.c.obj)
 .rodata.gpio_stm32_cfg_h
                0x0000000008007820       0x14 zephyr/drivers/gpio/libdrivers__gpio.a(gpio_stm32.c.obj)
 .rodata.gpio_stm32_cfg_g
                0x0000000008007834       0x14 zephyr/drivers/gpio/libdrivers__gpio.a(gpio_stm32.c.obj)
 .rodata.gpio_stm32_cfg_f
                0x0000000008007848       0x14 zephyr/drivers/gpio/libdrivers__gpio.a(gpio_stm32.c.obj)
 .rodata.gpio_stm32_cfg_e
                0x000000000800785c       0x14 zephyr/drivers/gpio/libdrivers__gpio.a(gpio_stm32.c.obj)
 .rodata.gpio_stm32_cfg_d
                0x0000000008007870       0x14 zephyr/drivers/gpio/libdrivers__gpio.a(gpio_stm32.c.obj)
 .rodata.gpio_stm32_cfg_c
                0x0000000008007884       0x14 zephyr/drivers/gpio/libdrivers__gpio.a(gpio_stm32.c.obj)
 .rodata.gpio_stm32_cfg_b
                0x0000000008007898       0x14 zephyr/drivers/gpio/libdrivers__gpio.a(gpio_stm32.c.obj)
 .rodata.gpio_stm32_cfg_a
                0x00000000080078ac       0x14 zephyr/drivers/gpio/libdrivers__gpio.a(gpio_stm32.c.obj)
 .rodata.gpio_stm32_driver
                0x00000000080078c0       0x24 zephyr/drivers/gpio/libdrivers__gpio.a(gpio_stm32.c.obj)
 .rodata.__compound_literal.0
                0x00000000080078e4        0x8 zephyr/drivers/spi/libdrivers__spi.a(spi_ll_stm32.c.obj)
 .rodata.spi_stm32_cfg_0
                0x00000000080078ec       0x14 zephyr/drivers/spi/libdrivers__spi.a(spi_ll_stm32.c.obj)
 .rodata.pclken_0
                0x0000000008007900        0x8 zephyr/drivers/spi/libdrivers__spi.a(spi_ll_stm32.c.obj)
 .rodata.__pinctrl_dev_config__device_dts_ord_62
                0x0000000008007908        0x8 zephyr/drivers/spi/libdrivers__spi.a(spi_ll_stm32.c.obj)
 .rodata.__pinctrl_states__device_dts_ord_62
                0x0000000008007910        0x8 zephyr/drivers/spi/libdrivers__spi.a(spi_ll_stm32.c.obj)
 .rodata.__pinctrl_state_pins_0__device_dts_ord_62
                0x0000000008007918       0x20 zephyr/drivers/spi/libdrivers__spi.a(spi_ll_stm32.c.obj)
 .rodata.api_funcs
                0x0000000008007938        0x8 zephyr/drivers/spi/libdrivers__spi.a(spi_ll_stm32.c.obj)
 .rodata.uart_stm32_cfg_0
                0x0000000008007940       0x20 zephyr/drivers/serial/libdrivers__serial.a(uart_stm32.c.obj)
 .rodata.pclken_0
                0x0000000008007960        0x8 zephyr/drivers/serial/libdrivers__serial.a(uart_stm32.c.obj)
 .rodata.__pinctrl_dev_config__device_dts_ord_37
                0x0000000008007968        0x8 zephyr/drivers/serial/libdrivers__serial.a(uart_stm32.c.obj)
 .rodata.__pinctrl_states__device_dts_ord_37
                0x0000000008007970        0x8 zephyr/drivers/serial/libdrivers__serial.a(uart_stm32.c.obj)
 .rodata.__pinctrl_state_pins_0__device_dts_ord_37
                0x0000000008007978       0x10 zephyr/drivers/serial/libdrivers__serial.a(uart_stm32.c.obj)
 .rodata.uart_stm32_driver_api
                0x0000000008007988       0x54 zephyr/drivers/serial/libdrivers__serial.a(uart_stm32.c.obj)
 .rodata.gpio_ports
                0x00000000080079dc       0x2c zephyr/drivers/pinctrl/libdrivers__pinctrl.a(pinctrl_stm32.c.obj)
 .rodata._k_neg_eagain
                0x0000000008007a08        0x4 zephyr/kernel/libkernel.a(errno.c.obj)
                0x0000000008007a08                _k_neg_eagain
 .rodata.levels.0
                0x0000000008007a0c       0x18 zephyr/kernel/libkernel.a(init.c.obj)
 .rodata.CSWTCH.627
                0x0000000008007a24        0x6 zephyr/drivers/serial/libdrivers__serial.a(uart_stm32.c.obj)
 .rodata.main.str1.1
                0x0000000008007a2a       0x16 app/libapp.a(main.c.obj)
 .rodata.z_cbvprintf_impl.str1.1
                0x0000000008007a40        0x6 zephyr/libzephyr.a(cbprintf_complete.c.obj)
 .rodata.usb_update_sn_string_descriptor.str1.1
                0x0000000008007a46       0x11 zephyr/libzephyr.a(usb_descriptor.c.obj)
 .rodata.str1.1
                0x0000000008007a57        0xe zephyr/libzephyr.a(cdc_acm.c.obj)
 .rodata.z_usb_work_q_init.str1.1
                0x0000000008007a65        0x9 zephyr/libzephyr.a(usb_work_q.c.obj)
 .rodata.str1.1
                0x0000000008007a6e        0xf zephyr/soc/arm/common/cortex_m/libsoc__arm__common__cortex_m.a(arm_mpu_regions.c.obj)
 .rodata.str1.1
                0x0000000008007a7d       0x1e zephyr/drivers/interrupt_controller/libdrivers__interrupt_controller.a(intc_exti_stm32.c.obj)
 .rodata.exti_irq_table
                0x0000000008007a9b       0x17 zephyr/drivers/interrupt_controller/libdrivers__interrupt_controller.a(intc_exti_stm32.c.obj)
 .rodata.usb_dc_attach.str1.1
                0x0000000008007ab2       0x16 zephyr/drivers/usb/device/libdrivers__usb__device.a(usb_dc_stm32.c.obj)
 .rodata.str1.1
                0x0000000008007ac8        0xd zephyr/drivers/clock_control/libdrivers__clock_control.a(clock_stm32_ll_common.c.obj)
 .rodata.str1.1
                0x0000000008007ad5       0x70 zephyr/drivers/gpio/libdrivers__gpio.a(gpio_stm32.c.obj)
 .rodata.str1.1
                0x0000000008007b45        0xd zephyr/drivers/spi/libdrivers__spi.a(spi_ll_stm32.c.obj)
 .rodata.str1.1
                0x0000000008007b52       0x10 zephyr/drivers/serial/libdrivers__serial.a(uart_stm32.c.obj)
 .rodata.AHBPrescTable
                0x0000000008007b62       0x10 modules/stm32/stm32cube/lib..__modules__hal__stm32__stm32cube.a(system_stm32f4xx.c.obj)
                0x0000000008007b62                AHBPrescTable
 .rodata.z_cstart.str1.1
                0x0000000008007b72        0x5 zephyr/kernel/libkernel.a(init.c.obj)
 .rodata.boot_banner.str1.1
                0x0000000008007b77       0x42 zephyr/kernel/libkernel.a(banner.c.obj)
 .rodata.k_sys_work_q_init.str1.1
                0x0000000008007bb9        0x9 zephyr/kernel/libkernel.a(system_work_q.c.obj)
 *(SORT_BY_ALIGNMENT(.gnu.linkonce.r.*))
                0x0000000008007bc4                . = ALIGN (0x4)
 *fill*         0x0000000008007bc2        0x2 
                0x0000000008007bc4                __rodata_region_end = .
                0x0000000008007be0                . = ALIGN (_region_min_align)
                0x0000000008008000                . = ALIGN ((0x1 << ((__rodata_region_end - ADDR (rom_start)) <= 0x4)?0x2:((__rodata_region_end - ADDR (rom_start)) <= 0x8)?0x3:((__rodata_region_end - ADDR (rom_start)) <= 0x10)?0x4:((__rodata_region_end - ADDR (rom_start)) <= 0x20)?0x5:((__rodata_region_end - ADDR (rom_start)) <= 0x40)?0x6:((__rodata_region_end - ADDR (rom_start)) <= 0x80)?0x7:((__rodata_region_end - ADDR (rom_start)) <= 0x100)?0x8:((__rodata_region_end - ADDR (rom_start)) <= 0x200)?0x9:((__rodata_region_end - ADDR (rom_start)) <= 0x400)?0xa:((__rodata_region_end - ADDR (rom_start)) <= 0x800)?0xb:((__rodata_region_end - ADDR (rom_start)) <= 0x1000)?0xc:((__rodata_region_end - ADDR (rom_start)) <= 0x2000)?0xd:((__rodata_region_end - ADDR (rom_start)) <= 0x4000)?0xe:((__rodata_region_end - ADDR (rom_start)) <= 0x8000)?0xf:((__rodata_region_end - ADDR (rom_start)) <= 0x10000)?0x10:((__rodata_region_end - ADDR (rom_start)) <= 0x20000)?0x11:((__rodata_region_end - ADDR (rom_start)) <= 0x40000)?0x12:((__rodata_region_end - ADDR (rom_start)) <= 0x80000)?0x13:((__rodata_region_end - ADDR (rom_start)) <= 0x100000)?0x14:((__rodata_region_end - ADDR (rom_start)) <= 0x200000)?0x15:((__rodata_region_end - ADDR (rom_start)) <= 0x400000)?0x16:((__rodata_region_end - ADDR (rom_start)) <= 0x800000)?0x17:((__rodata_region_end - ADDR (rom_start)) <= 0x1000000)?0x18:((__rodata_region_end - ADDR (rom_start)) <= 0x2000000)?0x19:((__rodata_region_end - ADDR (rom_start)) <= 0x4000000)?0x1a:((__rodata_region_end - ADDR (rom_start)) <= 0x8000000)?0x1b:((__rodata_region_end - ADDR (rom_start)) <= 0x10000000)?0x1c:((__rodata_region_end - ADDR (rom_start)) <= 0x20000000)?0x1d:((__rodata_region_end - ADDR (rom_start)) <= 0x40000000)?0x1e:((__rodata_region_end - ADDR (rom_start)) <= 0x80000000)?0x1f:0x20))
                0x0000000008008000                __rom_region_end = ((__rom_region_start + .) - ADDR (rom_start))

/DISCARD/
 *(SORT_BY_ALIGNMENT(.got.plt))
 *(SORT_BY_ALIGNMENT(.igot.plt))
 *(SORT_BY_ALIGNMENT(.got))
 *(SORT_BY_ALIGNMENT(.igot))
                0x0000000020000000                . = 0x20000000
                0x0000000020000000                . = ALIGN (_region_min_align)
                0x0000000020000000                _image_ram_start = .

.ramfunc        0x0000000020000000        0x0 load address 0x0000000008007bc4
                0x0000000020000000                . = ALIGN (_region_min_align)
                0x0000000020000000                . = ALIGN ((0x1 << (__ramfunc_size <= 0x4)?0x2:(__ramfunc_size <= 0x8)?0x3:(__ramfunc_size <= 0x10)?0x4:(__ramfunc_size <= 0x20)?0x5:(__ramfunc_size <= 0x40)?0x6:(__ramfunc_size <= 0x80)?0x7:(__ramfunc_size <= 0x100)?0x8:(__ramfunc_size <= 0x200)?0x9:(__ramfunc_size <= 0x400)?0xa:(__ramfunc_size <= 0x800)?0xb:(__ramfunc_size <= 0x1000)?0xc:(__ramfunc_size <= 0x2000)?0xd:(__ramfunc_size <= 0x4000)?0xe:(__ramfunc_size <= 0x8000)?0xf:(__ramfunc_size <= 0x10000)?0x10:(__ramfunc_size <= 0x20000)?0x11:(__ramfunc_size <= 0x40000)?0x12:(__ramfunc_size <= 0x80000)?0x13:(__ramfunc_size <= 0x100000)?0x14:(__ramfunc_size <= 0x200000)?0x15:(__ramfunc_size <= 0x400000)?0x16:(__ramfunc_size <= 0x800000)?0x17:(__ramfunc_size <= 0x1000000)?0x18:(__ramfunc_size <= 0x2000000)?0x19:(__ramfunc_size <= 0x4000000)?0x1a:(__ramfunc_size <= 0x8000000)?0x1b:(__ramfunc_size <= 0x10000000)?0x1c:(__ramfunc_size <= 0x20000000)?0x1d:(__ramfunc_size <= 0x40000000)?0x1e:(__ramfunc_size <= 0x80000000)?0x1f:0x20))
                0x0000000020000000                __ramfunc_start = .
 *(SORT_BY_ALIGNMENT(.ramfunc))
 *(SORT_BY_ALIGNMENT(.ramfunc.*))
                0x0000000020000000                . = ALIGN (_region_min_align)
                0x0000000020000000                . = ALIGN ((0x1 << (__ramfunc_size <= 0x4)?0x2:(__ramfunc_size <= 0x8)?0x3:(__ramfunc_size <= 0x10)?0x4:(__ramfunc_size <= 0x20)?0x5:(__ramfunc_size <= 0x40)?0x6:(__ramfunc_size <= 0x80)?0x7:(__ramfunc_size <= 0x100)?0x8:(__ramfunc_size <= 0x200)?0x9:(__ramfunc_size <= 0x400)?0xa:(__ramfunc_size <= 0x800)?0xb:(__ramfunc_size <= 0x1000)?0xc:(__ramfunc_size <= 0x2000)?0xd:(__ramfunc_size <= 0x4000)?0xe:(__ramfunc_size <= 0x8000)?0xf:(__ramfunc_size <= 0x10000)?0x10:(__ramfunc_size <= 0x20000)?0x11:(__ramfunc_size <= 0x40000)?0x12:(__ramfunc_size <= 0x80000)?0x13:(__ramfunc_size <= 0x100000)?0x14:(__ramfunc_size <= 0x200000)?0x15:(__ramfunc_size <= 0x400000)?0x16:(__ramfunc_size <= 0x800000)?0x17:(__ramfunc_size <= 0x1000000)?0x18:(__ramfunc_size <= 0x2000000)?0x19:(__ramfunc_size <= 0x4000000)?0x1a:(__ramfunc_size <= 0x8000000)?0x1b:(__ramfunc_size <= 0x10000000)?0x1c:(__ramfunc_size <= 0x20000000)?0x1d:(__ramfunc_size <= 0x40000000)?0x1e:(__ramfunc_size <= 0x80000000)?0x1f:0x20))
                0x0000000020000000                __ramfunc_end = .